MPLINK 5.09, LINKER
Linker Map File - Created Sat Oct 13 18:21:34 2018

                                 Section Info
                  Section       Type    Address   Location Size(Bytes)
                ---------  ---------  ---------  ---------  ---------
                   .org_0       code   0x000000    program   0x00002e
                   .cinit    romdata   0x000017    program   0x000004



                              Program Memory Usage 
                               Start         End      
                           ---------   ---------      
                            0x000000    0x000018      
            25 out of 8454 program addresses used, program memory utilization is 0%



                              Symbols - Sorted by Name
                     Name    Address   Location    Storage File                     
                ---------  ---------  ---------  --------- ---------                
                    BUTON   0x00000d    program     static C:\Users\black\Desktop\MICROCALIS\DENEME3\MOD.X\newAsmTemplate.asm
                    ISLEM   0x000010    program     static C:\Users\black\Desktop\MICROCALIS\DENEME3\MOD.X\newAsmTemplate.asm
                     MAIN   0x000001    program     static C:\Users\black\Desktop\MICROCALIS\DENEME3\MOD.X\newAsmTemplate.asm
                      MOD   0x000015    program     static C:\Users\black\Desktop\MICROCALIS\DENEME3\MOD.X\newAsmTemplate.asm
                      SON   0x000017    program     static C:\Users\black\Desktop\MICROCALIS\DENEME3\MOD.X\newAsmTemplate.asm



                              Symbols - Sorted by Address
                     Name    Address   Location    Storage File                     
                ---------  ---------  ---------  --------- ---------                
                     MAIN   0x000001    program     static C:\Users\black\Desktop\MICROCALIS\DENEME3\MOD.X\newAsmTemplate.asm
                    BUTON   0x00000d    program     static C:\Users\black\Desktop\MICROCALIS\DENEME3\MOD.X\newAsmTemplate.asm
                    ISLEM   0x000010    program     static C:\Users\black\Desktop\MICROCALIS\DENEME3\MOD.X\newAsmTemplate.asm
                      MOD   0x000015    program     static C:\Users\black\Desktop\MICROCALIS\DENEME3\MOD.X\newAsmTemplate.asm
                      SON   0x000017    program     static C:\Users\black\Desktop\MICROCALIS\DENEME3\MOD.X\newAsmTemplate.asm


