MPLINK 5.09, LINKER
Linker Map File - Created Mon Jan 20 17:44:05 2020

                                 Section Info
                  Section       Type    Address   Location Size(Bytes)
                ---------  ---------  ---------  ---------  ---------
                   .org_0       code   0x000000    program   0x000034
                   .cinit    romdata   0x00001a    program   0x000004



                              Program Memory Usage 
                               Start         End      
                           ---------   ---------      
                            0x000000    0x00001b      
            28 out of 8454 program addresses used, program memory utilization is 0%



                              Symbols - Sorted by Name
                     Name    Address   Location    Storage File                     
                ---------  ---------  ---------  --------- ---------                
                   BUTTON   0x00000f    program     static C:\Users\MU\Desktop\Assembly\basitIslem.X\newAsmTemplate.asm
                     CARP   0x000015    program     static C:\Users\MU\Desktop\Assembly\basitIslem.X\newAsmTemplate.asm
                    ISLEM   0x000012    program     static C:\Users\MU\Desktop\Assembly\basitIslem.X\newAsmTemplate.asm
                     MAIN   0x000001    program     static C:\Users\MU\Desktop\Assembly\basitIslem.X\newAsmTemplate.asm
                      SON   0x000018    program     static C:\Users\MU\Desktop\Assembly\basitIslem.X\newAsmTemplate.asm



                              Symbols - Sorted by Address
                     Name    Address   Location    Storage File                     
                ---------  ---------  ---------  --------- ---------                
                     MAIN   0x000001    program     static C:\Users\MU\Desktop\Assembly\basitIslem.X\newAsmTemplate.asm
                   BUTTON   0x00000f    program     static C:\Users\MU\Desktop\Assembly\basitIslem.X\newAsmTemplate.asm
                    ISLEM   0x000012    program     static C:\Users\MU\Desktop\Assembly\basitIslem.X\newAsmTemplate.asm
                     CARP   0x000015    program     static C:\Users\MU\Desktop\Assembly\basitIslem.X\newAsmTemplate.asm
                      SON   0x000018    program     static C:\Users\MU\Desktop\Assembly\basitIslem.X\newAsmTemplate.asm


