MPLINK 4.49, Linker
Linker Map File - Created Mon Sep 17 23:51:44 2018

                                 Section Info
                  Section       Type    Address   Location Size(Bytes)
                ---------  ---------  ---------  ---------  ---------
                   .org_0       code   0x000000    program   0x000000
                   .org_1       code   0x000000    program   0x000098



                              Program Memory Usage 
                               Start         End      
                           ---------   ---------      
                            0x000000    0x00004b      
            76 out of 8454 program addresses used, program memory utilization is 0%



                              Symbols - Sorted by Name
                     Name    Address   Location    Storage File                     
                ---------  ---------  ---------  --------- ---------                
                     DON1   0x000039    program     static C:\Users\erdog\OneDrive\Masaüstü\Calisma14Sayici0-99\sayici.asm
                     DON2   0x00003b    program     static C:\Users\erdog\OneDrive\Masaüstü\Calisma14Sayici0-99\sayici.asm
                   DONGU1   0x000012    program     static C:\Users\erdog\OneDrive\Masaüstü\Calisma14Sayici0-99\sayici.asm
                   DONGU2   0x000025    program     static C:\Users\erdog\OneDrive\Masaüstü\Calisma14Sayici0-99\sayici.asm
                  GECIKME   0x000037    program     static C:\Users\erdog\OneDrive\Masaüstü\Calisma14Sayici0-99\sayici.asm
                 RAKAMLAR   0x000040    program     static C:\Users\erdog\OneDrive\Masaüstü\Calisma14Sayici0-99\sayici.asm



                              Symbols - Sorted by Address
                     Name    Address   Location    Storage File                     
                ---------  ---------  ---------  --------- ---------                
                   DONGU1   0x000012    program     static C:\Users\erdog\OneDrive\Masaüstü\Calisma14Sayici0-99\sayici.asm
                   DONGU2   0x000025    program     static C:\Users\erdog\OneDrive\Masaüstü\Calisma14Sayici0-99\sayici.asm
                  GECIKME   0x000037    program     static C:\Users\erdog\OneDrive\Masaüstü\Calisma14Sayici0-99\sayici.asm
                     DON1   0x000039    program     static C:\Users\erdog\OneDrive\Masaüstü\Calisma14Sayici0-99\sayici.asm
                     DON2   0x00003b    program     static C:\Users\erdog\OneDrive\Masaüstü\Calisma14Sayici0-99\sayici.asm
                 RAKAMLAR   0x000040    program     static C:\Users\erdog\OneDrive\Masaüstü\Calisma14Sayici0-99\sayici.asm


