MPLINK 5.09, LINKER
Linker Map File - Created Wed Jan 22 16:39:33 2020

                                 Section Info
                  Section       Type    Address   Location Size(Bytes)
                ---------  ---------  ---------  ---------  ---------
                   .org_0       code   0x000000    program   0x000064
                   .cinit    romdata   0x000032    program   0x000004
.config_2007_BUILD/DEFAULT/PRODUCTION/NEWASMT       code   0x002007    program   0x000002



                              Program Memory Usage 
                               Start         End      
                           ---------   ---------      
                            0x000000    0x000033      
                            0x002007    0x002007      
            53 out of 8454 program addresses used, program memory utilization is 0%



                              Symbols - Sorted by Name
                     Name    Address   Location    Storage File                     
                ---------  ---------  ---------  --------- ---------                
                    BEKLE   0x000029    program     static C:\Users\MU\Desktop\Assembly\DOT.X\newAsmTemplate.asm
                   BEKLE2   0x00002b    program     static C:\Users\MU\Desktop\Assembly\DOT.X\newAsmTemplate.asm
                   BEKLED   0x00002d    program     static C:\Users\MU\Desktop\Assembly\DOT.X\newAsmTemplate.asm
                    ISLEM   0x00000a    program     static C:\Users\MU\Desktop\Assembly\DOT.X\newAsmTemplate.asm
                 LOOKUPBB   0x00001b    program     static C:\Users\MU\Desktop\Assembly\DOT.X\newAsmTemplate.asm
                 LOOKUPCC   0x000022    program     static C:\Users\MU\Desktop\Assembly\DOT.X\newAsmTemplate.asm
                     MAIN   0x000000    program     static C:\Users\MU\Desktop\Assembly\DOT.X\newAsmTemplate.asm
                      YAK   0x00000f    program     static C:\Users\MU\Desktop\Assembly\DOT.X\newAsmTemplate.asm
                    YUKLE   0x000018    program     static C:\Users\MU\Desktop\Assembly\DOT.X\newAsmTemplate.asm



                              Symbols - Sorted by Address
                     Name    Address   Location    Storage File                     
                ---------  ---------  ---------  --------- ---------                
                     MAIN   0x000000    program     static C:\Users\MU\Desktop\Assembly\DOT.X\newAsmTemplate.asm
                    ISLEM   0x00000a    program     static C:\Users\MU\Desktop\Assembly\DOT.X\newAsmTemplate.asm
                      YAK   0x00000f    program     static C:\Users\MU\Desktop\Assembly\DOT.X\newAsmTemplate.asm
                    YUKLE   0x000018    program     static C:\Users\MU\Desktop\Assembly\DOT.X\newAsmTemplate.asm
                 LOOKUPBB   0x00001b    program     static C:\Users\MU\Desktop\Assembly\DOT.X\newAsmTemplate.asm
                 LOOKUPCC   0x000022    program     static C:\Users\MU\Desktop\Assembly\DOT.X\newAsmTemplate.asm
                    BEKLE   0x000029    program     static C:\Users\MU\Desktop\Assembly\DOT.X\newAsmTemplate.asm
                   BEKLE2   0x00002b    program     static C:\Users\MU\Desktop\Assembly\DOT.X\newAsmTemplate.asm
                   BEKLED   0x00002d    program     static C:\Users\MU\Desktop\Assembly\DOT.X\newAsmTemplate.asm


