MPLINK 5.09, LINKER
Linker Map File - Created Sat Jul 25 11:35:12 2020

                                 Section Info
                  Section       Type    Address   Location Size(Bytes)
                ---------  ---------  ---------  ---------  ---------
                   .org_0       code   0x000000    program   0x000002
                   .cinit    romdata   0x000001    program   0x000004
                   .org_1       code   0x000004    program   0x000114
.config_2007_BUILD/DEFAULT/PRODUCTION/NEWASMT       code   0x002007    program   0x000002



                              Program Memory Usage 
                               Start         End      
                           ---------   ---------      
                            0x000000    0x000002      
                            0x000004    0x00008d      
                            0x002007    0x002007      
            142 out of 8454 program addresses used, program memory utilization is 1%



                              Symbols - Sorted by Name
                     Name    Address   Location    Storage File                     
                ---------  ---------  ---------  --------- ---------                
                   ADCOKU   0x000021    program     static C:\Users\mehme\Desktop\Assembly\karabukYaz\DCMOTOR_YonTespit.X\newAsmTemplate.asm
                  ADCOKU1   0x000022    program     static C:\Users\mehme\Desktop\Assembly\karabukYaz\DCMOTOR_YonTespit.X\newAsmTemplate.asm
               BASAMAKBUL   0x000026    program     static C:\Users\mehme\Desktop\Assembly\karabukYaz\DCMOTOR_YonTespit.X\newAsmTemplate.asm
              BASAMAKBUL1   0x00003a    program     static C:\Users\mehme\Desktop\Assembly\karabukYaz\DCMOTOR_YonTespit.X\newAsmTemplate.asm
              BASAMAKBUL2   0x00002b    program     static C:\Users\mehme\Desktop\Assembly\karabukYaz\DCMOTOR_YonTespit.X\newAsmTemplate.asm
                    BEKLE   0x000081    program     static C:\Users\mehme\Desktop\Assembly\karabukYaz\DCMOTOR_YonTespit.X\newAsmTemplate.asm
                   BEKLE1   0x000083    program     static C:\Users\mehme\Desktop\Assembly\karabukYaz\DCMOTOR_YonTespit.X\newAsmTemplate.asm
                   BEKLE2   0x000085    program     static C:\Users\mehme\Desktop\Assembly\karabukYaz\DCMOTOR_YonTespit.X\newAsmTemplate.asm
               BEKLEDONGU   0x000087    program     static C:\Users\mehme\Desktop\Assembly\karabukYaz\DCMOTOR_YonTespit.X\newAsmTemplate.asm
                BUYUKLUK1   0x000047    program     static C:\Users\mehme\Desktop\Assembly\karabukYaz\DCMOTOR_YonTespit.X\newAsmTemplate.asm
                BUYUKLUK2   0x000036    program     static C:\Users\mehme\Desktop\Assembly\karabukYaz\DCMOTOR_YonTespit.X\newAsmTemplate.asm
                  ESITLIK   0x000055    program     static C:\Users\mehme\Desktop\Assembly\karabukYaz\DCMOTOR_YonTespit.X\newAsmTemplate.asm
                 ESITLIK1   0x000045    program     static C:\Users\mehme\Desktop\Assembly\karabukYaz\DCMOTOR_YonTespit.X\newAsmTemplate.asm
                 ESITLIK2   0x000034    program     static C:\Users\mehme\Desktop\Assembly\karabukYaz\DCMOTOR_YonTespit.X\newAsmTemplate.asm
                     GERI   0x00005f    program     static C:\Users\mehme\Desktop\Assembly\karabukYaz\DCMOTOR_YonTespit.X\newAsmTemplate.asm
                   GOSTER   0x000067    program     static C:\Users\mehme\Desktop\Assembly\karabukYaz\DCMOTOR_YonTespit.X\newAsmTemplate.asm
                  GOSTER1   0x000069    program     static C:\Users\mehme\Desktop\Assembly\karabukYaz\DCMOTOR_YonTespit.X\newAsmTemplate.asm
                    ILERI   0x000057    program     static C:\Users\mehme\Desktop\Assembly\karabukYaz\DCMOTOR_YonTespit.X\newAsmTemplate.asm
                     LOOP   0x00001c    program     static C:\Users\mehme\Desktop\Assembly\karabukYaz\DCMOTOR_YonTespit.X\newAsmTemplate.asm
                     MAIN   0x000005    program     static C:\Users\mehme\Desktop\Assembly\karabukYaz\DCMOTOR_YonTespit.X\newAsmTemplate.asm
                YONTESPIT   0x00004b    program     static C:\Users\mehme\Desktop\Assembly\karabukYaz\DCMOTOR_YonTespit.X\newAsmTemplate.asm



                              Symbols - Sorted by Address
                     Name    Address   Location    Storage File                     
                ---------  ---------  ---------  --------- ---------                
                     MAIN   0x000005    program     static C:\Users\mehme\Desktop\Assembly\karabukYaz\DCMOTOR_YonTespit.X\newAsmTemplate.asm
                     LOOP   0x00001c    program     static C:\Users\mehme\Desktop\Assembly\karabukYaz\DCMOTOR_YonTespit.X\newAsmTemplate.asm
                   ADCOKU   0x000021    program     static C:\Users\mehme\Desktop\Assembly\karabukYaz\DCMOTOR_YonTespit.X\newAsmTemplate.asm
                  ADCOKU1   0x000022    program     static C:\Users\mehme\Desktop\Assembly\karabukYaz\DCMOTOR_YonTespit.X\newAsmTemplate.asm
               BASAMAKBUL   0x000026    program     static C:\Users\mehme\Desktop\Assembly\karabukYaz\DCMOTOR_YonTespit.X\newAsmTemplate.asm
              BASAMAKBUL2   0x00002b    program     static C:\Users\mehme\Desktop\Assembly\karabukYaz\DCMOTOR_YonTespit.X\newAsmTemplate.asm
                 ESITLIK2   0x000034    program     static C:\Users\mehme\Desktop\Assembly\karabukYaz\DCMOTOR_YonTespit.X\newAsmTemplate.asm
                BUYUKLUK2   0x000036    program     static C:\Users\mehme\Desktop\Assembly\karabukYaz\DCMOTOR_YonTespit.X\newAsmTemplate.asm
              BASAMAKBUL1   0x00003a    program     static C:\Users\mehme\Desktop\Assembly\karabukYaz\DCMOTOR_YonTespit.X\newAsmTemplate.asm
                 ESITLIK1   0x000045    program     static C:\Users\mehme\Desktop\Assembly\karabukYaz\DCMOTOR_YonTespit.X\newAsmTemplate.asm
                BUYUKLUK1   0x000047    program     static C:\Users\mehme\Desktop\Assembly\karabukYaz\DCMOTOR_YonTespit.X\newAsmTemplate.asm
                YONTESPIT   0x00004b    program     static C:\Users\mehme\Desktop\Assembly\karabukYaz\DCMOTOR_YonTespit.X\newAsmTemplate.asm
                  ESITLIK   0x000055    program     static C:\Users\mehme\Desktop\Assembly\karabukYaz\DCMOTOR_YonTespit.X\newAsmTemplate.asm
                    ILERI   0x000057    program     static C:\Users\mehme\Desktop\Assembly\karabukYaz\DCMOTOR_YonTespit.X\newAsmTemplate.asm
                     GERI   0x00005f    program     static C:\Users\mehme\Desktop\Assembly\karabukYaz\DCMOTOR_YonTespit.X\newAsmTemplate.asm
                   GOSTER   0x000067    program     static C:\Users\mehme\Desktop\Assembly\karabukYaz\DCMOTOR_YonTespit.X\newAsmTemplate.asm
                  GOSTER1   0x000069    program     static C:\Users\mehme\Desktop\Assembly\karabukYaz\DCMOTOR_YonTespit.X\newAsmTemplate.asm
                    BEKLE   0x000081    program     static C:\Users\mehme\Desktop\Assembly\karabukYaz\DCMOTOR_YonTespit.X\newAsmTemplate.asm
                   BEKLE1   0x000083    program     static C:\Users\mehme\Desktop\Assembly\karabukYaz\DCMOTOR_YonTespit.X\newAsmTemplate.asm
                   BEKLE2   0x000085    program     static C:\Users\mehme\Desktop\Assembly\karabukYaz\DCMOTOR_YonTespit.X\newAsmTemplate.asm
               BEKLEDONGU   0x000087    program     static C:\Users\mehme\Desktop\Assembly\karabukYaz\DCMOTOR_YonTespit.X\newAsmTemplate.asm


