MPLINK 5.09, LINKER
Linker Map File - Created Fri Jul 24 16:54:27 2020

                                 Section Info
                  Section       Type    Address   Location Size(Bytes)
                ---------  ---------  ---------  ---------  ---------
                   .org_0       code   0x000000    program   0x000002
                   .cinit    romdata   0x000001    program   0x000004
                   .org_1       code   0x000004    program   0x0001d8
.config_2007_BUILD/DEFAULT/PRODUCTION/NEWASMT       code   0x002007    program   0x000002



                              Program Memory Usage 
                               Start         End      
                           ---------   ---------      
                            0x000000    0x000002      
                            0x000004    0x0000ef      
                            0x002007    0x002007      
            240 out of 8454 program addresses used, program memory utilization is 2%



                              Symbols - Sorted by Name
                     Name    Address   Location    Storage File                     
                ---------  ---------  ---------  --------- ---------                
                       B1   0x00004b    program     static C:\Users\mehme\Desktop\Assembly\karabukYaz\klima.X\newAsmTemplate.asm
                      B10   0x000094    program     static C:\Users\mehme\Desktop\Assembly\karabukYaz\klima.X\newAsmTemplate.asm
                      B11   0x00009b    program     static C:\Users\mehme\Desktop\Assembly\karabukYaz\klima.X\newAsmTemplate.asm
                      B12   0x0000a2    program     static C:\Users\mehme\Desktop\Assembly\karabukYaz\klima.X\newAsmTemplate.asm
                      B13   0x0000a9    program     static C:\Users\mehme\Desktop\Assembly\karabukYaz\klima.X\newAsmTemplate.asm
                      B14   0x0000b3    program     static C:\Users\mehme\Desktop\Assembly\karabukYaz\klima.X\newAsmTemplate.asm
                      B15   0x0000ba    program     static C:\Users\mehme\Desktop\Assembly\karabukYaz\klima.X\newAsmTemplate.asm
                      B16   0x0000c1    program     static C:\Users\mehme\Desktop\Assembly\karabukYaz\klima.X\newAsmTemplate.asm
                       B2   0x000052    program     static C:\Users\mehme\Desktop\Assembly\karabukYaz\klima.X\newAsmTemplate.asm
                       B3   0x00005b    program     static C:\Users\mehme\Desktop\Assembly\karabukYaz\klima.X\newAsmTemplate.asm
                       B4   0x000062    program     static C:\Users\mehme\Desktop\Assembly\karabukYaz\klima.X\newAsmTemplate.asm
                       B5   0x000069    program     static C:\Users\mehme\Desktop\Assembly\karabukYaz\klima.X\newAsmTemplate.asm
                       B6   0x000073    program     static C:\Users\mehme\Desktop\Assembly\karabukYaz\klima.X\newAsmTemplate.asm
                       B7   0x00007c    program     static C:\Users\mehme\Desktop\Assembly\karabukYaz\klima.X\newAsmTemplate.asm
                       B8   0x000083    program     static C:\Users\mehme\Desktop\Assembly\karabukYaz\klima.X\newAsmTemplate.asm
                       B9   0x00008a    program     static C:\Users\mehme\Desktop\Assembly\karabukYaz\klima.X\newAsmTemplate.asm
               BASAMAKBUL   0x000020    program     static C:\Users\mehme\Desktop\Assembly\karabukYaz\klima.X\newAsmTemplate.asm
              BASAMAKBUL1   0x000024    program     static C:\Users\mehme\Desktop\Assembly\karabukYaz\klima.X\newAsmTemplate.asm
                    BEKLE   0x0000e3    program     static C:\Users\mehme\Desktop\Assembly\karabukYaz\klima.X\newAsmTemplate.asm
                   BEKLE1   0x0000e5    program     static C:\Users\mehme\Desktop\Assembly\karabukYaz\klima.X\newAsmTemplate.asm
                   BEKLE2   0x0000e7    program     static C:\Users\mehme\Desktop\Assembly\karabukYaz\klima.X\newAsmTemplate.asm
               BEKLEDONGU   0x0000e9    program     static C:\Users\mehme\Desktop\Assembly\karabukYaz\klima.X\newAsmTemplate.asm
                 BUYUKLUK   0x000042    program     static C:\Users\mehme\Desktop\Assembly\karabukYaz\klima.X\newAsmTemplate.asm
                BUYUKLUK1   0x000031    program     static C:\Users\mehme\Desktop\Assembly\karabukYaz\klima.X\newAsmTemplate.asm
                  ESITLIK   0x00003f    program     static C:\Users\mehme\Desktop\Assembly\karabukYaz\klima.X\newAsmTemplate.asm
                 ESITLIK1   0x00002f    program     static C:\Users\mehme\Desktop\Assembly\karabukYaz\klima.X\newAsmTemplate.asm
                   GOSTER   0x0000c9    program     static C:\Users\mehme\Desktop\Assembly\karabukYaz\klima.X\newAsmTemplate.asm
                  GOSTER1   0x0000cb    program     static C:\Users\mehme\Desktop\Assembly\karabukYaz\klima.X\newAsmTemplate.asm
                ISITSOGUT   0x000035    program     static C:\Users\mehme\Desktop\Assembly\karabukYaz\klima.X\newAsmTemplate.asm
                   KEYPAD   0x000048    program     static C:\Users\mehme\Desktop\Assembly\karabukYaz\klima.X\newAsmTemplate.asm
                 KUCUKLUK   0x000045    program     static C:\Users\mehme\Desktop\Assembly\karabukYaz\klima.X\newAsmTemplate.asm
                     LOOP   0x00001b    program     static C:\Users\mehme\Desktop\Assembly\karabukYaz\klima.X\newAsmTemplate.asm
                     MAIN   0x000005    program     static C:\Users\mehme\Desktop\Assembly\karabukYaz\klima.X\newAsmTemplate.asm



                              Symbols - Sorted by Address
                     Name    Address   Location    Storage File                     
                ---------  ---------  ---------  --------- ---------                
                     MAIN   0x000005    program     static C:\Users\mehme\Desktop\Assembly\karabukYaz\klima.X\newAsmTemplate.asm
                     LOOP   0x00001b    program     static C:\Users\mehme\Desktop\Assembly\karabukYaz\klima.X\newAsmTemplate.asm
               BASAMAKBUL   0x000020    program     static C:\Users\mehme\Desktop\Assembly\karabukYaz\klima.X\newAsmTemplate.asm
              BASAMAKBUL1   0x000024    program     static C:\Users\mehme\Desktop\Assembly\karabukYaz\klima.X\newAsmTemplate.asm
                 ESITLIK1   0x00002f    program     static C:\Users\mehme\Desktop\Assembly\karabukYaz\klima.X\newAsmTemplate.asm
                BUYUKLUK1   0x000031    program     static C:\Users\mehme\Desktop\Assembly\karabukYaz\klima.X\newAsmTemplate.asm
                ISITSOGUT   0x000035    program     static C:\Users\mehme\Desktop\Assembly\karabukYaz\klima.X\newAsmTemplate.asm
                  ESITLIK   0x00003f    program     static C:\Users\mehme\Desktop\Assembly\karabukYaz\klima.X\newAsmTemplate.asm
                 BUYUKLUK   0x000042    program     static C:\Users\mehme\Desktop\Assembly\karabukYaz\klima.X\newAsmTemplate.asm
                 KUCUKLUK   0x000045    program     static C:\Users\mehme\Desktop\Assembly\karabukYaz\klima.X\newAsmTemplate.asm
                   KEYPAD   0x000048    program     static C:\Users\mehme\Desktop\Assembly\karabukYaz\klima.X\newAsmTemplate.asm
                       B1   0x00004b    program     static C:\Users\mehme\Desktop\Assembly\karabukYaz\klima.X\newAsmTemplate.asm
                       B2   0x000052    program     static C:\Users\mehme\Desktop\Assembly\karabukYaz\klima.X\newAsmTemplate.asm
                       B3   0x00005b    program     static C:\Users\mehme\Desktop\Assembly\karabukYaz\klima.X\newAsmTemplate.asm
                       B4   0x000062    program     static C:\Users\mehme\Desktop\Assembly\karabukYaz\klima.X\newAsmTemplate.asm
                       B5   0x000069    program     static C:\Users\mehme\Desktop\Assembly\karabukYaz\klima.X\newAsmTemplate.asm
                       B6   0x000073    program     static C:\Users\mehme\Desktop\Assembly\karabukYaz\klima.X\newAsmTemplate.asm
                       B7   0x00007c    program     static C:\Users\mehme\Desktop\Assembly\karabukYaz\klima.X\newAsmTemplate.asm
                       B8   0x000083    program     static C:\Users\mehme\Desktop\Assembly\karabukYaz\klima.X\newAsmTemplate.asm
                       B9   0x00008a    program     static C:\Users\mehme\Desktop\Assembly\karabukYaz\klima.X\newAsmTemplate.asm
                      B10   0x000094    program     static C:\Users\mehme\Desktop\Assembly\karabukYaz\klima.X\newAsmTemplate.asm
                      B11   0x00009b    program     static C:\Users\mehme\Desktop\Assembly\karabukYaz\klima.X\newAsmTemplate.asm
                      B12   0x0000a2    program     static C:\Users\mehme\Desktop\Assembly\karabukYaz\klima.X\newAsmTemplate.asm
                      B13   0x0000a9    program     static C:\Users\mehme\Desktop\Assembly\karabukYaz\klima.X\newAsmTemplate.asm
                      B14   0x0000b3    program     static C:\Users\mehme\Desktop\Assembly\karabukYaz\klima.X\newAsmTemplate.asm
                      B15   0x0000ba    program     static C:\Users\mehme\Desktop\Assembly\karabukYaz\klima.X\newAsmTemplate.asm
                      B16   0x0000c1    program     static C:\Users\mehme\Desktop\Assembly\karabukYaz\klima.X\newAsmTemplate.asm
                   GOSTER   0x0000c9    program     static C:\Users\mehme\Desktop\Assembly\karabukYaz\klima.X\newAsmTemplate.asm
                  GOSTER1   0x0000cb    program     static C:\Users\mehme\Desktop\Assembly\karabukYaz\klima.X\newAsmTemplate.asm
                    BEKLE   0x0000e3    program     static C:\Users\mehme\Desktop\Assembly\karabukYaz\klima.X\newAsmTemplate.asm
                   BEKLE1   0x0000e5    program     static C:\Users\mehme\Desktop\Assembly\karabukYaz\klima.X\newAsmTemplate.asm
                   BEKLE2   0x0000e7    program     static C:\Users\mehme\Desktop\Assembly\karabukYaz\klima.X\newAsmTemplate.asm
               BEKLEDONGU   0x0000e9    program     static C:\Users\mehme\Desktop\Assembly\karabukYaz\klima.X\newAsmTemplate.asm


