MPLINK 5.09, LINKER
Linker Map File - Created Fri Feb 07 12:13:23 2020

                                 Section Info
                  Section       Type    Address   Location Size(Bytes)
                ---------  ---------  ---------  ---------  ---------
                   .org_0       code   0x000000    program   0x000002
                   .cinit    romdata   0x000001    program   0x000004
                   .org_1       code   0x000004    program   0x00009c
.config_2007_BUILD/DEFAULT/PRODUCTION/NEWASMT       code   0x002007    program   0x000002



                              Program Memory Usage 
                               Start         End      
                           ---------   ---------      
                            0x000000    0x000002      
                            0x000004    0x000051      
                            0x002007    0x002007      
            82 out of 8454 program addresses used, program memory utilization is 0%



                              Symbols - Sorted by Name
                     Name    Address   Location    Storage File                     
                ---------  ---------  ---------  --------- ---------                
                  BEKLEME   0x000049    program     static C:\Users\MU\Desktop\Assembly\7SEG_TIMER0.X\newAsmTemplate.asm
                 BEKLEME2   0x00004b    program     static C:\Users\MU\Desktop\Assembly\7SEG_TIMER0.X\newAsmTemplate.asm
                 BEKLEMED   0x00004d    program     static C:\Users\MU\Desktop\Assembly\7SEG_TIMER0.X\newAsmTemplate.asm
                    DONGU   0x00001d    program     static C:\Users\MU\Desktop\Assembly\7SEG_TIMER0.X\newAsmTemplate.asm
                    ISLEM   0x00002d    program     static C:\Users\MU\Desktop\Assembly\7SEG_TIMER0.X\newAsmTemplate.asm
                    KESME   0x00001e    program     static C:\Users\MU\Desktop\Assembly\7SEG_TIMER0.X\newAsmTemplate.asm
                   LOOKUP   0x00003d    program     static C:\Users\MU\Desktop\Assembly\7SEG_TIMER0.X\newAsmTemplate.asm
                     MAIN   0x000005    program     static C:\Users\MU\Desktop\Assembly\7SEG_TIMER0.X\newAsmTemplate.asm
                      YAK   0x000034    program     static C:\Users\MU\Desktop\Assembly\7SEG_TIMER0.X\newAsmTemplate.asm



                              Symbols - Sorted by Address
                     Name    Address   Location    Storage File                     
                ---------  ---------  ---------  --------- ---------                
                     MAIN   0x000005    program     static C:\Users\MU\Desktop\Assembly\7SEG_TIMER0.X\newAsmTemplate.asm
                    DONGU   0x00001d    program     static C:\Users\MU\Desktop\Assembly\7SEG_TIMER0.X\newAsmTemplate.asm
                    KESME   0x00001e    program     static C:\Users\MU\Desktop\Assembly\7SEG_TIMER0.X\newAsmTemplate.asm
                    ISLEM   0x00002d    program     static C:\Users\MU\Desktop\Assembly\7SEG_TIMER0.X\newAsmTemplate.asm
                      YAK   0x000034    program     static C:\Users\MU\Desktop\Assembly\7SEG_TIMER0.X\newAsmTemplate.asm
                   LOOKUP   0x00003d    program     static C:\Users\MU\Desktop\Assembly\7SEG_TIMER0.X\newAsmTemplate.asm
                  BEKLEME   0x000049    program     static C:\Users\MU\Desktop\Assembly\7SEG_TIMER0.X\newAsmTemplate.asm
                 BEKLEME2   0x00004b    program     static C:\Users\MU\Desktop\Assembly\7SEG_TIMER0.X\newAsmTemplate.asm
                 BEKLEMED   0x00004d    program     static C:\Users\MU\Desktop\Assembly\7SEG_TIMER0.X\newAsmTemplate.asm


