MPLINK 5.09, LINKER
Linker Map File - Created Tue Nov 27 00:33:54 2018

                                 Section Info
                  Section       Type    Address   Location Size(Bytes)
                ---------  ---------  ---------  ---------  ---------
                   .org_0       code   0x000000    program   0x00009a
                   .cinit    romdata   0x00004d    program   0x000004
.config_2007_BUILD/DEFAULT/PRODUCTION/ODEV5.O       code   0x002007    program   0x000002



                              Program Memory Usage 
                               Start         End      
                           ---------   ---------      
                            0x000000    0x00004e      
                            0x002007    0x002007      
            80 out of 8454 program addresses used, program memory utilization is 0%



                              Symbols - Sorted by Name
                     Name    Address   Location    Storage File                     
                ---------  ---------  ---------  --------- ---------                
               ANAKONTROL   0x000024    program     static C:\Users\black\Desktop\ODEV5\ODEV5.X\ODEV5.asm
                ARTTIRLED   0x000043    program     static C:\Users\black\Desktop\ODEV5\ODEV5.X\ODEV5.asm
              ARTTIRMOTOR   0x000033    program     static C:\Users\black\Desktop\ODEV5\ODEV5.X\ODEV5.asm
                 AZALTLED   0x000048    program     static C:\Users\black\Desktop\ODEV5\ODEV5.X\ODEV5.asm
               AZALTMOTOR   0x000038    program     static C:\Users\black\Desktop\ODEV5\ODEV5.X\ODEV5.asm
            KONTROLLEDART   0x00003d    program     static C:\Users\black\Desktop\ODEV5\ODEV5.X\ODEV5.asm
             KONTROLLEDAZ   0x000040    program     static C:\Users\black\Desktop\ODEV5\ODEV5.X\ODEV5.asm
          KONTROLMOTORART   0x00002d    program     static C:\Users\black\Desktop\ODEV5\ODEV5.X\ODEV5.asm
           KONTROLMOTORAZ   0x000030    program     static C:\Users\black\Desktop\ODEV5\ODEV5.X\ODEV5.asm
                     MAIN   0x000000    program     static C:\Users\black\Desktop\ODEV5\ODEV5.X\ODEV5.asm



                              Symbols - Sorted by Address
                     Name    Address   Location    Storage File                     
                ---------  ---------  ---------  --------- ---------                
                     MAIN   0x000000    program     static C:\Users\black\Desktop\ODEV5\ODEV5.X\ODEV5.asm
               ANAKONTROL   0x000024    program     static C:\Users\black\Desktop\ODEV5\ODEV5.X\ODEV5.asm
          KONTROLMOTORART   0x00002d    program     static C:\Users\black\Desktop\ODEV5\ODEV5.X\ODEV5.asm
           KONTROLMOTORAZ   0x000030    program     static C:\Users\black\Desktop\ODEV5\ODEV5.X\ODEV5.asm
              ARTTIRMOTOR   0x000033    program     static C:\Users\black\Desktop\ODEV5\ODEV5.X\ODEV5.asm
               AZALTMOTOR   0x000038    program     static C:\Users\black\Desktop\ODEV5\ODEV5.X\ODEV5.asm
            KONTROLLEDART   0x00003d    program     static C:\Users\black\Desktop\ODEV5\ODEV5.X\ODEV5.asm
             KONTROLLEDAZ   0x000040    program     static C:\Users\black\Desktop\ODEV5\ODEV5.X\ODEV5.asm
                ARTTIRLED   0x000043    program     static C:\Users\black\Desktop\ODEV5\ODEV5.X\ODEV5.asm
                 AZALTLED   0x000048    program     static C:\Users\black\Desktop\ODEV5\ODEV5.X\ODEV5.asm


