MPLINK 5.09, LINKER
Linker Map File - Created Sat Jul 25 15:01:33 2020

                                 Section Info
                  Section       Type    Address   Location Size(Bytes)
                ---------  ---------  ---------  ---------  ---------
                   .org_0       code   0x000000    program   0x000002
                   .cinit    romdata   0x000001    program   0x000004
                   .org_1       code   0x000004    program   0x00012e
.config_2007_BUILD/DEFAULT/PRODUCTION/NEWASMT       code   0x002007    program   0x000002



                              Program Memory Usage 
                               Start         End      
                           ---------   ---------      
                            0x000000    0x000002      
                            0x000004    0x00009a      
                            0x002007    0x002007      
            155 out of 8454 program addresses used, program memory utilization is 1%



                              Symbols - Sorted by Name
                     Name    Address   Location    Storage File                     
                ---------  ---------  ---------  --------- ---------                
                   ADCOKU   0x000028    program     static C:\Users\mehme\Desktop\Assembly\karabukYaz\PWM_DCMOTOR.X\newAsmTemplate.asm
                  ADCOKU1   0x000029    program     static C:\Users\mehme\Desktop\Assembly\karabukYaz\PWM_DCMOTOR.X\newAsmTemplate.asm
               BASAMAKBUL   0x00002d    program     static C:\Users\mehme\Desktop\Assembly\karabukYaz\PWM_DCMOTOR.X\newAsmTemplate.asm
              BASAMAKBUL1   0x000041    program     static C:\Users\mehme\Desktop\Assembly\karabukYaz\PWM_DCMOTOR.X\newAsmTemplate.asm
              BASAMAKBUL2   0x000032    program     static C:\Users\mehme\Desktop\Assembly\karabukYaz\PWM_DCMOTOR.X\newAsmTemplate.asm
                    BEKLE   0x00008e    program     static C:\Users\mehme\Desktop\Assembly\karabukYaz\PWM_DCMOTOR.X\newAsmTemplate.asm
                   BEKLE1   0x000090    program     static C:\Users\mehme\Desktop\Assembly\karabukYaz\PWM_DCMOTOR.X\newAsmTemplate.asm
                   BEKLE2   0x000092    program     static C:\Users\mehme\Desktop\Assembly\karabukYaz\PWM_DCMOTOR.X\newAsmTemplate.asm
               BEKLEDONGU   0x000094    program     static C:\Users\mehme\Desktop\Assembly\karabukYaz\PWM_DCMOTOR.X\newAsmTemplate.asm
                BUYUKLUK1   0x00004e    program     static C:\Users\mehme\Desktop\Assembly\karabukYaz\PWM_DCMOTOR.X\newAsmTemplate.asm
                BUYUKLUK2   0x00003d    program     static C:\Users\mehme\Desktop\Assembly\karabukYaz\PWM_DCMOTOR.X\newAsmTemplate.asm
                  ESITLIK   0x00005c    program     static C:\Users\mehme\Desktop\Assembly\karabukYaz\PWM_DCMOTOR.X\newAsmTemplate.asm
                 ESITLIK1   0x00004c    program     static C:\Users\mehme\Desktop\Assembly\karabukYaz\PWM_DCMOTOR.X\newAsmTemplate.asm
                 ESITLIK2   0x00003b    program     static C:\Users\mehme\Desktop\Assembly\karabukYaz\PWM_DCMOTOR.X\newAsmTemplate.asm
                     GERI   0x00006a    program     static C:\Users\mehme\Desktop\Assembly\karabukYaz\PWM_DCMOTOR.X\newAsmTemplate.asm
                   GOSTER   0x000074    program     static C:\Users\mehme\Desktop\Assembly\karabukYaz\PWM_DCMOTOR.X\newAsmTemplate.asm
                  GOSTER1   0x000076    program     static C:\Users\mehme\Desktop\Assembly\karabukYaz\PWM_DCMOTOR.X\newAsmTemplate.asm
                    ILERI   0x000060    program     static C:\Users\mehme\Desktop\Assembly\karabukYaz\PWM_DCMOTOR.X\newAsmTemplate.asm
                     LOOP   0x000023    program     static C:\Users\mehme\Desktop\Assembly\karabukYaz\PWM_DCMOTOR.X\newAsmTemplate.asm
                     MAIN   0x000005    program     static C:\Users\mehme\Desktop\Assembly\karabukYaz\PWM_DCMOTOR.X\newAsmTemplate.asm
                YONTESPIT   0x000052    program     static C:\Users\mehme\Desktop\Assembly\karabukYaz\PWM_DCMOTOR.X\newAsmTemplate.asm



                              Symbols - Sorted by Address
                     Name    Address   Location    Storage File                     
                ---------  ---------  ---------  --------- ---------                
                     MAIN   0x000005    program     static C:\Users\mehme\Desktop\Assembly\karabukYaz\PWM_DCMOTOR.X\newAsmTemplate.asm
                     LOOP   0x000023    program     static C:\Users\mehme\Desktop\Assembly\karabukYaz\PWM_DCMOTOR.X\newAsmTemplate.asm
                   ADCOKU   0x000028    program     static C:\Users\mehme\Desktop\Assembly\karabukYaz\PWM_DCMOTOR.X\newAsmTemplate.asm
                  ADCOKU1   0x000029    program     static C:\Users\mehme\Desktop\Assembly\karabukYaz\PWM_DCMOTOR.X\newAsmTemplate.asm
               BASAMAKBUL   0x00002d    program     static C:\Users\mehme\Desktop\Assembly\karabukYaz\PWM_DCMOTOR.X\newAsmTemplate.asm
              BASAMAKBUL2   0x000032    program     static C:\Users\mehme\Desktop\Assembly\karabukYaz\PWM_DCMOTOR.X\newAsmTemplate.asm
                 ESITLIK2   0x00003b    program     static C:\Users\mehme\Desktop\Assembly\karabukYaz\PWM_DCMOTOR.X\newAsmTemplate.asm
                BUYUKLUK2   0x00003d    program     static C:\Users\mehme\Desktop\Assembly\karabukYaz\PWM_DCMOTOR.X\newAsmTemplate.asm
              BASAMAKBUL1   0x000041    program     static C:\Users\mehme\Desktop\Assembly\karabukYaz\PWM_DCMOTOR.X\newAsmTemplate.asm
                 ESITLIK1   0x00004c    program     static C:\Users\mehme\Desktop\Assembly\karabukYaz\PWM_DCMOTOR.X\newAsmTemplate.asm
                BUYUKLUK1   0x00004e    program     static C:\Users\mehme\Desktop\Assembly\karabukYaz\PWM_DCMOTOR.X\newAsmTemplate.asm
                YONTESPIT   0x000052    program     static C:\Users\mehme\Desktop\Assembly\karabukYaz\PWM_DCMOTOR.X\newAsmTemplate.asm
                  ESITLIK   0x00005c    program     static C:\Users\mehme\Desktop\Assembly\karabukYaz\PWM_DCMOTOR.X\newAsmTemplate.asm
                    ILERI   0x000060    program     static C:\Users\mehme\Desktop\Assembly\karabukYaz\PWM_DCMOTOR.X\newAsmTemplate.asm
                     GERI   0x00006a    program     static C:\Users\mehme\Desktop\Assembly\karabukYaz\PWM_DCMOTOR.X\newAsmTemplate.asm
                   GOSTER   0x000074    program     static C:\Users\mehme\Desktop\Assembly\karabukYaz\PWM_DCMOTOR.X\newAsmTemplate.asm
                  GOSTER1   0x000076    program     static C:\Users\mehme\Desktop\Assembly\karabukYaz\PWM_DCMOTOR.X\newAsmTemplate.asm
                    BEKLE   0x00008e    program     static C:\Users\mehme\Desktop\Assembly\karabukYaz\PWM_DCMOTOR.X\newAsmTemplate.asm
                   BEKLE1   0x000090    program     static C:\Users\mehme\Desktop\Assembly\karabukYaz\PWM_DCMOTOR.X\newAsmTemplate.asm
                   BEKLE2   0x000092    program     static C:\Users\mehme\Desktop\Assembly\karabukYaz\PWM_DCMOTOR.X\newAsmTemplate.asm
               BEKLEDONGU   0x000094    program     static C:\Users\mehme\Desktop\Assembly\karabukYaz\PWM_DCMOTOR.X\newAsmTemplate.asm


