MPLINK 5.09, LINKER
Linker Map File - Created Thu Jul 23 17:00:18 2020

                                 Section Info
                  Section       Type    Address   Location Size(Bytes)
                ---------  ---------  ---------  ---------  ---------
                   .org_0       code   0x000000    program   0x000002
                   .cinit    romdata   0x000001    program   0x000004
                   .org_1       code   0x000004    program   0x00003c
.config_2007_BUILD/DEFAULT/PRODUCTION/NEWASMT       code   0x002007    program   0x000002



                              Program Memory Usage 
                               Start         End      
                           ---------   ---------      
                            0x000000    0x000002      
                            0x000004    0x000021      
                            0x002007    0x002007      
            34 out of 8454 program addresses used, program memory utilization is 0%



                              Symbols - Sorted by Name
                     Name    Address   Location    Storage File                     
                ---------  ---------  ---------  --------- ---------                
                    BEKLE   0x000015    program     static C:\Users\mehme\Desktop\Assembly\karabukYaz\kayanLed.X\newAsmTemplate.asm
                   BEKLE1   0x000017    program     static C:\Users\mehme\Desktop\Assembly\karabukYaz\kayanLed.X\newAsmTemplate.asm
                   BEKLE2   0x000019    program     static C:\Users\mehme\Desktop\Assembly\karabukYaz\kayanLed.X\newAsmTemplate.asm
               BEKLEDONGU   0x00001b    program     static C:\Users\mehme\Desktop\Assembly\karabukYaz\kayanLed.X\newAsmTemplate.asm
                     MAIN   0x000005    program     static C:\Users\mehme\Desktop\Assembly\karabukYaz\kayanLed.X\newAsmTemplate.asm
                     SAGA   0x000010    program     static C:\Users\mehme\Desktop\Assembly\karabukYaz\kayanLed.X\newAsmTemplate.asm
                     SOLA   0x00000b    program     static C:\Users\mehme\Desktop\Assembly\karabukYaz\kayanLed.X\newAsmTemplate.asm



                              Symbols - Sorted by Address
                     Name    Address   Location    Storage File                     
                ---------  ---------  ---------  --------- ---------                
                     MAIN   0x000005    program     static C:\Users\mehme\Desktop\Assembly\karabukYaz\kayanLed.X\newAsmTemplate.asm
                     SOLA   0x00000b    program     static C:\Users\mehme\Desktop\Assembly\karabukYaz\kayanLed.X\newAsmTemplate.asm
                     SAGA   0x000010    program     static C:\Users\mehme\Desktop\Assembly\karabukYaz\kayanLed.X\newAsmTemplate.asm
                    BEKLE   0x000015    program     static C:\Users\mehme\Desktop\Assembly\karabukYaz\kayanLed.X\newAsmTemplate.asm
                   BEKLE1   0x000017    program     static C:\Users\mehme\Desktop\Assembly\karabukYaz\kayanLed.X\newAsmTemplate.asm
                   BEKLE2   0x000019    program     static C:\Users\mehme\Desktop\Assembly\karabukYaz\kayanLed.X\newAsmTemplate.asm
               BEKLEDONGU   0x00001b    program     static C:\Users\mehme\Desktop\Assembly\karabukYaz\kayanLed.X\newAsmTemplate.asm


