MPLINK 5.09, LINKER
Linker Map File - Created Fri Feb 07 11:23:55 2020

                                 Section Info
                  Section       Type    Address   Location Size(Bytes)
                ---------  ---------  ---------  ---------  ---------
                   .org_0       code   0x000000    program   0x000002
                   .cinit    romdata   0x000001    program   0x000004
                   .org_1       code   0x000004    program   0x0000ac
.config_2007_BUILD/DEFAULT/PRODUCTION/NEWASMT       code   0x002007    program   0x000002



                              Program Memory Usage 
                               Start         End      
                           ---------   ---------      
                            0x000000    0x000002      
                            0x000004    0x000059      
                            0x002007    0x002007      
            90 out of 8454 program addresses used, program memory utilization is 1%



                              Symbols - Sorted by Name
                     Name    Address   Location    Storage File                     
                ---------  ---------  ---------  --------- ---------                
                   BEKLED   0x000055    program     static C:\Users\MU\Desktop\Assembly\7SEG_TIMER1.X\newAsmTemplate.asm
                  BEKLEME   0x000051    program     static C:\Users\MU\Desktop\Assembly\7SEG_TIMER1.X\newAsmTemplate.asm
                 BEKLEME2   0x000053    program     static C:\Users\MU\Desktop\Assembly\7SEG_TIMER1.X\newAsmTemplate.asm
                    DONGU   0x000024    program     static C:\Users\MU\Desktop\Assembly\7SEG_TIMER1.X\newAsmTemplate.asm
                   GOSTER   0x00003c    program     static C:\Users\MU\Desktop\Assembly\7SEG_TIMER1.X\newAsmTemplate.asm
                    ISLEM   0x000036    program     static C:\Users\MU\Desktop\Assembly\7SEG_TIMER1.X\newAsmTemplate.asm
                    KESME   0x000025    program     static C:\Users\MU\Desktop\Assembly\7SEG_TIMER1.X\newAsmTemplate.asm
                   LOOKUP   0x000045    program     static C:\Users\MU\Desktop\Assembly\7SEG_TIMER1.X\newAsmTemplate.asm
                     MAIN   0x000005    program     static C:\Users\MU\Desktop\Assembly\7SEG_TIMER1.X\newAsmTemplate.asm



                              Symbols - Sorted by Address
                     Name    Address   Location    Storage File                     
                ---------  ---------  ---------  --------- ---------                
                     MAIN   0x000005    program     static C:\Users\MU\Desktop\Assembly\7SEG_TIMER1.X\newAsmTemplate.asm
                    DONGU   0x000024    program     static C:\Users\MU\Desktop\Assembly\7SEG_TIMER1.X\newAsmTemplate.asm
                    KESME   0x000025    program     static C:\Users\MU\Desktop\Assembly\7SEG_TIMER1.X\newAsmTemplate.asm
                    ISLEM   0x000036    program     static C:\Users\MU\Desktop\Assembly\7SEG_TIMER1.X\newAsmTemplate.asm
                   GOSTER   0x00003c    program     static C:\Users\MU\Desktop\Assembly\7SEG_TIMER1.X\newAsmTemplate.asm
                   LOOKUP   0x000045    program     static C:\Users\MU\Desktop\Assembly\7SEG_TIMER1.X\newAsmTemplate.asm
                  BEKLEME   0x000051    program     static C:\Users\MU\Desktop\Assembly\7SEG_TIMER1.X\newAsmTemplate.asm
                 BEKLEME2   0x000053    program     static C:\Users\MU\Desktop\Assembly\7SEG_TIMER1.X\newAsmTemplate.asm
                   BEKLED   0x000055    program     static C:\Users\MU\Desktop\Assembly\7SEG_TIMER1.X\newAsmTemplate.asm


