MPLINK 5.09, LINKER
Linker Map File - Created Mon Dec 17 22:14:04 2018

                                 Section Info
                  Section       Type    Address   Location Size(Bytes)
                ---------  ---------  ---------  ---------  ---------
                   .org_0       code   0x000000    program   0x000002
                   .cinit    romdata   0x000001    program   0x000004
                   .org_1       code   0x000004    program   0x0000a0
.config_2007_BUILD/DEFAULT/PRODUCTION/NEWASMT       code   0x002007    program   0x000002



                              Program Memory Usage 
                               Start         End      
                           ---------   ---------      
                            0x000000    0x000002      
                            0x000004    0x000053      
                            0x002007    0x002007      
            84 out of 8454 program addresses used, program memory utilization is 0%



                              Symbols - Sorted by Name
                     Name    Address   Location    Storage File                     
                ---------  ---------  ---------  --------- ---------                
                  BEKLEME   0x00004b    program     static C:\Users\black\Desktop\ODEV7SON\ODEV7SON.X\newAsmTemplate.asm
                 BEKLEME2   0x00004d    program     static C:\Users\black\Desktop\ODEV7SON\ODEV7SON.X\newAsmTemplate.asm
             BEKLEMEDONGU   0x00004f    program     static C:\Users\black\Desktop\ODEV7SON\ODEV7SON.X\newAsmTemplate.asm
                  CMDSEND   0x000035    program     static C:\Users\black\Desktop\ODEV7SON\ODEV7SON.X\newAsmTemplate.asm
                 DATASEND   0x000040    program     static C:\Users\black\Desktop\ODEV7SON\ODEV7SON.X\newAsmTemplate.asm
                    DONGU   0x00002b    program     static C:\Users\black\Desktop\ODEV7SON\ODEV7SON.X\newAsmTemplate.asm
                    KESME   0x000004    program     static C:\Users\black\Desktop\ODEV7SON\ODEV7SON.X\newAsmTemplate.asm
                 LCDREADY   0x00002c    program     static C:\Users\black\Desktop\ODEV7SON\ODEV7SON.X\newAsmTemplate.asm
                     MAIN   0x00000c    program     static C:\Users\black\Desktop\ODEV7SON\ODEV7SON.X\newAsmTemplate.asm



                              Symbols - Sorted by Address
                     Name    Address   Location    Storage File                     
                ---------  ---------  ---------  --------- ---------                
                    KESME   0x000004    program     static C:\Users\black\Desktop\ODEV7SON\ODEV7SON.X\newAsmTemplate.asm
                     MAIN   0x00000c    program     static C:\Users\black\Desktop\ODEV7SON\ODEV7SON.X\newAsmTemplate.asm
                    DONGU   0x00002b    program     static C:\Users\black\Desktop\ODEV7SON\ODEV7SON.X\newAsmTemplate.asm
                 LCDREADY   0x00002c    program     static C:\Users\black\Desktop\ODEV7SON\ODEV7SON.X\newAsmTemplate.asm
                  CMDSEND   0x000035    program     static C:\Users\black\Desktop\ODEV7SON\ODEV7SON.X\newAsmTemplate.asm
                 DATASEND   0x000040    program     static C:\Users\black\Desktop\ODEV7SON\ODEV7SON.X\newAsmTemplate.asm
                  BEKLEME   0x00004b    program     static C:\Users\black\Desktop\ODEV7SON\ODEV7SON.X\newAsmTemplate.asm
                 BEKLEME2   0x00004d    program     static C:\Users\black\Desktop\ODEV7SON\ODEV7SON.X\newAsmTemplate.asm
             BEKLEMEDONGU   0x00004f    program     static C:\Users\black\Desktop\ODEV7SON\ODEV7SON.X\newAsmTemplate.asm


