MPLINK 5.09, LINKER
Linker Map File - Created Thu Oct 18 12:25:43 2018

                                 Section Info
                  Section       Type    Address   Location Size(Bytes)
                ---------  ---------  ---------  ---------  ---------
                   .org_0       code   0x000000    program   0x00003c
                   .cinit    romdata   0x00001e    program   0x000004



                              Program Memory Usage 
                               Start         End      
                           ---------   ---------      
                            0x000000    0x00001f      
            32 out of 8454 program addresses used, program memory utilization is 0%



                              Symbols - Sorted by Name
                     Name    Address   Location    Storage File                     
                ---------  ---------  ---------  --------- ---------                
                  BEKLEME   0x00001b    program     static C:\Users\black\Desktop\MICROCALIS\DENEME3\KAYDIRMA2.X\newAsmTemplate.asm
                   BUTON1   0x000011    program     static C:\Users\black\Desktop\MICROCALIS\DENEME3\KAYDIRMA2.X\newAsmTemplate.asm
                   BUTON2   0x000014    program     static C:\Users\black\Desktop\MICROCALIS\DENEME3\KAYDIRMA2.X\newAsmTemplate.asm
                     MAIN   0x000001    program     static C:\Users\black\Desktop\MICROCALIS\DENEME3\KAYDIRMA2.X\newAsmTemplate.asm
                      SON   0x00001e    program     static C:\Users\black\Desktop\MICROCALIS\DENEME3\KAYDIRMA2.X\newAsmTemplate.asm
                     YAK1   0x000017    program     static C:\Users\black\Desktop\MICROCALIS\DENEME3\KAYDIRMA2.X\newAsmTemplate.asm
                     YAK2   0x000019    program     static C:\Users\black\Desktop\MICROCALIS\DENEME3\KAYDIRMA2.X\newAsmTemplate.asm



                              Symbols - Sorted by Address
                     Name    Address   Location    Storage File                     
                ---------  ---------  ---------  --------- ---------                
                     MAIN   0x000001    program     static C:\Users\black\Desktop\MICROCALIS\DENEME3\KAYDIRMA2.X\newAsmTemplate.asm
                   BUTON1   0x000011    program     static C:\Users\black\Desktop\MICROCALIS\DENEME3\KAYDIRMA2.X\newAsmTemplate.asm
                   BUTON2   0x000014    program     static C:\Users\black\Desktop\MICROCALIS\DENEME3\KAYDIRMA2.X\newAsmTemplate.asm
                     YAK1   0x000017    program     static C:\Users\black\Desktop\MICROCALIS\DENEME3\KAYDIRMA2.X\newAsmTemplate.asm
                     YAK2   0x000019    program     static C:\Users\black\Desktop\MICROCALIS\DENEME3\KAYDIRMA2.X\newAsmTemplate.asm
                  BEKLEME   0x00001b    program     static C:\Users\black\Desktop\MICROCALIS\DENEME3\KAYDIRMA2.X\newAsmTemplate.asm
                      SON   0x00001e    program     static C:\Users\black\Desktop\MICROCALIS\DENEME3\KAYDIRMA2.X\newAsmTemplate.asm


