MPLINK 5.09, LINKER
Linker Map File - Created Wed Jan 22 21:54:05 2020

                                 Section Info
                  Section       Type    Address   Location Size(Bytes)
                ---------  ---------  ---------  ---------  ---------
                   .org_0       code   0x000000    program   0x000002
                   .cinit    romdata   0x000001    program   0x000004
                   .org_1       code   0x000004    program   0x000048
.config_2007_BUILD/DEFAULT/PRODUCTION/NEWASMT       code   0x002007    program   0x000002



                              Program Memory Usage 
                               Start         End      
                           ---------   ---------      
                            0x000000    0x000002      
                            0x000004    0x000027      
                            0x002007    0x002007      
            40 out of 8454 program addresses used, program memory utilization is 0%



                              Symbols - Sorted by Name
                     Name    Address   Location    Storage File                     
                ---------  ---------  ---------  --------- ---------                
                    DONGU   0x000018    program     static C:\Users\MU\Desktop\Assembly\TIMER0.X\newAsmTemplate.asm
                    ISLEM   0x000022    program     static C:\Users\MU\Desktop\Assembly\TIMER0.X\newAsmTemplate.asm
                    KESME   0x000019    program     static C:\Users\MU\Desktop\Assembly\TIMER0.X\newAsmTemplate.asm
                     MAIN   0x000005    program     static C:\Users\MU\Desktop\Assembly\TIMER0.X\newAsmTemplate.asm
                      SON   0x000027    program     static C:\Users\MU\Desktop\Assembly\TIMER0.X\newAsmTemplate.asm



                              Symbols - Sorted by Address
                     Name    Address   Location    Storage File                     
                ---------  ---------  ---------  --------- ---------                
                     MAIN   0x000005    program     static C:\Users\MU\Desktop\Assembly\TIMER0.X\newAsmTemplate.asm
                    DONGU   0x000018    program     static C:\Users\MU\Desktop\Assembly\TIMER0.X\newAsmTemplate.asm
                    KESME   0x000019    program     static C:\Users\MU\Desktop\Assembly\TIMER0.X\newAsmTemplate.asm
                    ISLEM   0x000022    program     static C:\Users\MU\Desktop\Assembly\TIMER0.X\newAsmTemplate.asm
                      SON   0x000027    program     static C:\Users\MU\Desktop\Assembly\TIMER0.X\newAsmTemplate.asm


