MPLINK 5.09, LINKER
Linker Map File - Created Mon Dec 17 23:11:54 2018

                                 Section Info
                  Section       Type    Address   Location Size(Bytes)
                ---------  ---------  ---------  ---------  ---------
                   .org_0       code   0x000000    program   0x000002
                   .cinit    romdata   0x000001    program   0x000004
                   .org_1       code   0x000004    program   0x000086
.config_2007_BUILD/DEFAULT/PRODUCTION/NEWASMT       code   0x002007    program   0x000002



                              Program Memory Usage 
                               Start         End      
                           ---------   ---------      
                            0x000000    0x000002      
                            0x000004    0x000046      
                            0x002007    0x002007      
            71 out of 8454 program addresses used, program memory utilization is 0%



                              Symbols - Sorted by Name
                     Name    Address   Location    Storage File                     
                ---------  ---------  ---------  --------- ---------                
                  BEKLEME   0x00003e    program     static C:\Users\black\Desktop\MICROCALIS\SOS\SOS.X\newAsmTemplate.asm
                 BEKLEME2   0x000040    program     static C:\Users\black\Desktop\MICROCALIS\SOS\SOS.X\newAsmTemplate.asm
             BEKLEMEDONGU   0x000042    program     static C:\Users\black\Desktop\MICROCALIS\SOS\SOS.X\newAsmTemplate.asm
                    DONGU   0x000027    program     static C:\Users\black\Desktop\MICROCALIS\SOS\SOS.X\newAsmTemplate.asm
                   GONDER   0x000033    program     static C:\Users\black\Desktop\MICROCALIS\SOS\SOS.X\newAsmTemplate.asm
                    KESME   0x000028    program     static C:\Users\black\Desktop\MICROCALIS\SOS\SOS.X\newAsmTemplate.asm
                  KONTROL   0x00002e    program     static C:\Users\black\Desktop\MICROCALIS\SOS\SOS.X\newAsmTemplate.asm
                   LOOKUP   0x000038    program     static C:\Users\black\Desktop\MICROCALIS\SOS\SOS.X\newAsmTemplate.asm
                     MAIN   0x000005    program     static C:\Users\black\Desktop\MICROCALIS\SOS\SOS.X\newAsmTemplate.asm



                              Symbols - Sorted by Address
                     Name    Address   Location    Storage File                     
                ---------  ---------  ---------  --------- ---------                
                     MAIN   0x000005    program     static C:\Users\black\Desktop\MICROCALIS\SOS\SOS.X\newAsmTemplate.asm
                    DONGU   0x000027    program     static C:\Users\black\Desktop\MICROCALIS\SOS\SOS.X\newAsmTemplate.asm
                    KESME   0x000028    program     static C:\Users\black\Desktop\MICROCALIS\SOS\SOS.X\newAsmTemplate.asm
                  KONTROL   0x00002e    program     static C:\Users\black\Desktop\MICROCALIS\SOS\SOS.X\newAsmTemplate.asm
                   GONDER   0x000033    program     static C:\Users\black\Desktop\MICROCALIS\SOS\SOS.X\newAsmTemplate.asm
                   LOOKUP   0x000038    program     static C:\Users\black\Desktop\MICROCALIS\SOS\SOS.X\newAsmTemplate.asm
                  BEKLEME   0x00003e    program     static C:\Users\black\Desktop\MICROCALIS\SOS\SOS.X\newAsmTemplate.asm
                 BEKLEME2   0x000040    program     static C:\Users\black\Desktop\MICROCALIS\SOS\SOS.X\newAsmTemplate.asm
             BEKLEMEDONGU   0x000042    program     static C:\Users\black\Desktop\MICROCALIS\SOS\SOS.X\newAsmTemplate.asm


