MPLINK 5.09, LINKER
Linker Map File - Created Sat Feb 08 11:33:46 2020

                                 Section Info
                  Section       Type    Address   Location Size(Bytes)
                ---------  ---------  ---------  ---------  ---------
                   .org_0       code   0x000000    program   0x00009a
                   .cinit    romdata   0x00004d    program   0x000004
.config_2007_BUILD/DEFAULT/PRODUCTION/NEWASMT       code   0x002007    program   0x000002



                              Program Memory Usage 
                               Start         End      
                           ---------   ---------      
                            0x000000    0x00004e      
                            0x002007    0x002007      
            80 out of 8454 program addresses used, program memory utilization is 0%



                              Symbols - Sorted by Name
                     Name    Address   Location    Storage File                     
                ---------  ---------  ---------  --------- ---------                
                  BEKLEME   0x000044    program     static C:\Users\MU\Desktop\Assembly\LCD_8BIT.X\newAsmTemplate1.asm
                 BEKLEME2   0x000046    program     static C:\Users\MU\Desktop\Assembly\LCD_8BIT.X\newAsmTemplate1.asm
                 BEKLEMED   0x000048    program     static C:\Users\MU\Desktop\Assembly\LCD_8BIT.X\newAsmTemplate1.asm
                    ISLEM   0x000013    program     static C:\Users\MU\Desktop\Assembly\LCD_8BIT.X\newAsmTemplate1.asm
              KOMUTGONDER   0x00002e    program     static C:\Users\MU\Desktop\Assembly\LCD_8BIT.X\newAsmTemplate1.asm
                 KOMUTYAZ   0x000028    program     static C:\Users\MU\Desktop\Assembly\LCD_8BIT.X\newAsmTemplate1.asm
                     MAIN   0x000000    program     static C:\Users\MU\Desktop\Assembly\LCD_8BIT.X\newAsmTemplate1.asm
                      SON   0x00004d    program     static C:\Users\MU\Desktop\Assembly\LCD_8BIT.X\newAsmTemplate1.asm
                  TEMIZLE   0x00000c    program     static C:\Users\MU\Desktop\Assembly\LCD_8BIT.X\newAsmTemplate1.asm
               VERIGONDER   0x00003c    program     static C:\Users\MU\Desktop\Assembly\LCD_8BIT.X\newAsmTemplate1.asm
                  VERIYAZ   0x000036    program     static C:\Users\MU\Desktop\Assembly\LCD_8BIT.X\newAsmTemplate1.asm



                              Symbols - Sorted by Address
                     Name    Address   Location    Storage File                     
                ---------  ---------  ---------  --------- ---------                
                     MAIN   0x000000    program     static C:\Users\MU\Desktop\Assembly\LCD_8BIT.X\newAsmTemplate1.asm
                  TEMIZLE   0x00000c    program     static C:\Users\MU\Desktop\Assembly\LCD_8BIT.X\newAsmTemplate1.asm
                    ISLEM   0x000013    program     static C:\Users\MU\Desktop\Assembly\LCD_8BIT.X\newAsmTemplate1.asm
                 KOMUTYAZ   0x000028    program     static C:\Users\MU\Desktop\Assembly\LCD_8BIT.X\newAsmTemplate1.asm
              KOMUTGONDER   0x00002e    program     static C:\Users\MU\Desktop\Assembly\LCD_8BIT.X\newAsmTemplate1.asm
                  VERIYAZ   0x000036    program     static C:\Users\MU\Desktop\Assembly\LCD_8BIT.X\newAsmTemplate1.asm
               VERIGONDER   0x00003c    program     static C:\Users\MU\Desktop\Assembly\LCD_8BIT.X\newAsmTemplate1.asm
                  BEKLEME   0x000044    program     static C:\Users\MU\Desktop\Assembly\LCD_8BIT.X\newAsmTemplate1.asm
                 BEKLEME2   0x000046    program     static C:\Users\MU\Desktop\Assembly\LCD_8BIT.X\newAsmTemplate1.asm
                 BEKLEMED   0x000048    program     static C:\Users\MU\Desktop\Assembly\LCD_8BIT.X\newAsmTemplate1.asm
                      SON   0x00004d    program     static C:\Users\MU\Desktop\Assembly\LCD_8BIT.X\newAsmTemplate1.asm


