MPLINK 4.49, Linker
Linker Map File - Created Tue Jul 09 23:45:38 2019

                                 Section Info
                  Section       Type    Address   Location Size(Bytes)
                ---------  ---------  ---------  ---------  ---------
                   .org_0       code   0x000000    program   0x000000
                   .org_1       code   0x000000    program   0x000002
                   .org_2       code   0x000004    program   0x00004e
.config_2007_YURUYENLED.O       code   0x002007    program   0x000002



                              Program Memory Usage 
                               Start         End      
                           ---------   ---------      
                            0x000000    0x000000      
                            0x000004    0x00002a      
                            0x002007    0x002007      
            41 out of 8454 program addresses used, program memory utilization is 0%



                              Symbols - Sorted by Name
                     Name    Address   Location    Storage File                     
                ---------  ---------  ---------  --------- ---------                
                   BEKLE0   0x00001c    program     static C:\yazokulu\yuruyenled\yuruyenled.asm
                   BEKLE1   0x000020    program     static C:\yazokulu\yuruyenled\yuruyenled.asm
                   BEKLE2   0x000022    program     static C:\yazokulu\yuruyenled\yuruyenled.asm
                   BEKLE3   0x000024    program     static C:\yazokulu\yuruyenled\yuruyenled.asm
                  PROGRAM   0x000005    program     static C:\yazokulu\yuruyenled\yuruyenled.asm
                     SAGA   0x00000e    program     static C:\yazokulu\yuruyenled\yuruyenled.asm
                     SOLA   0x000015    program     static C:\yazokulu\yuruyenled\yuruyenled.asm



                              Symbols - Sorted by Address
                     Name    Address   Location    Storage File                     
                ---------  ---------  ---------  --------- ---------                
                  PROGRAM   0x000005    program     static C:\yazokulu\yuruyenled\yuruyenled.asm
                     SAGA   0x00000e    program     static C:\yazokulu\yuruyenled\yuruyenled.asm
                     SOLA   0x000015    program     static C:\yazokulu\yuruyenled\yuruyenled.asm
                   BEKLE0   0x00001c    program     static C:\yazokulu\yuruyenled\yuruyenled.asm
                   BEKLE1   0x000020    program     static C:\yazokulu\yuruyenled\yuruyenled.asm
                   BEKLE2   0x000022    program     static C:\yazokulu\yuruyenled\yuruyenled.asm
                   BEKLE3   0x000024    program     static C:\yazokulu\yuruyenled\yuruyenled.asm


