MPLINK 5.09, LINKER
Linker Map File - Created Mon Dec 03 02:07:56 2018

                                 Section Info
                  Section       Type    Address   Location Size(Bytes)
                ---------  ---------  ---------  ---------  ---------
                   .org_0       code   0x000000    program   0x000002
                   .cinit    romdata   0x000001    program   0x000004
                   .org_1       code   0x000004    program   0x0001fa
.config_2007_BUILD/DEFAULT/PRODUCTION/ODEV6KO       code   0x002007    program   0x000002



                              Program Memory Usage 
                               Start         End      
                           ---------   ---------      
                            0x000000    0x000002      
                            0x000004    0x000100      
                            0x002007    0x002007      
            257 out of 8454 program addresses used, program memory utilization is 3%



                              Symbols - Sorted by Name
                     Name    Address   Location    Storage File                     
                ---------  ---------  ---------  --------- ---------                
                  BEKLEME   0x0000f8    program     static C:\Users\black\Desktop\ODEV6\ODEV6.X\ODEV6KOD.asm
                 BEKLEME2   0x0000fa    program     static C:\Users\black\Desktop\ODEV6\ODEV6.X\ODEV6KOD.asm
             BEKLEMEDONGU   0x0000fc    program     static C:\Users\black\Desktop\ODEV6\ODEV6.X\ODEV6KOD.asm
                   CLRALL   0x0000a4    program     static C:\Users\black\Desktop\ODEV6\ODEV6.X\ODEV6KOD.asm
                  CLRALLK   0x000066    program     static C:\Users\black\Desktop\ODEV6\ODEV6.X\ODEV6KOD.asm
                  CMDSEND   0x000077    program     static C:\Users\black\Desktop\ODEV6\ODEV6.X\ODEV6KOD.asm
                 CMDWRITE   0x000071    program     static C:\Users\black\Desktop\ODEV6\ODEV6.X\ODEV6KOD.asm
               CNTRLBUTON   0x0000a8    program     static C:\Users\black\Desktop\ODEV6\ODEV6.X\ODEV6KOD.asm
                CNTRLDEC1   0x0000c0    program     static C:\Users\black\Desktop\ODEV6\ODEV6.X\ODEV6KOD.asm
               CNTRLDEC10   0x0000c6    program     static C:\Users\black\Desktop\ODEV6\ODEV6.X\ODEV6KOD.asm
              CNTRLDEC100   0x0000ce    program     static C:\Users\black\Desktop\ODEV6\ODEV6.X\ODEV6KOD.asm
                 DATASEND   0x0000e3    program     static C:\Users\black\Desktop\ODEV6\ODEV6.X\ODEV6KOD.asm
                DATAWRITE   0x0000dd    program     static C:\Users\black\Desktop\ODEV6\ODEV6.X\ODEV6KOD.asm
                DECBUTTON   0x0000bc    program     static C:\Users\black\Desktop\ODEV6\ODEV6.X\ODEV6KOD.asm
                    DONGU   0x00002d    program     static C:\Users\black\Desktop\ODEV6\ODEV6.X\ODEV6KOD.asm
                    INC10   0x00009b    program     static C:\Users\black\Desktop\ODEV6\ODEV6.X\ODEV6KOD.asm
                   INC10K   0x00005c    program     static C:\Users\black\Desktop\ODEV6\ODEV6.X\ODEV6KOD.asm
                INCBUTTON   0x0000ad    program     static C:\Users\black\Desktop\ODEV6\ODEV6.X\ODEV6KOD.asm
                    KESME   0x00002e    program     static C:\Users\black\Desktop\ODEV6\ODEV6.X\ODEV6KOD.asm
                 LCDCLEAR   0x00006a    program     static C:\Users\black\Desktop\ODEV6\ODEV6.X\ODEV6KOD.asm
                   LOOKUP   0x0000ec    program     static C:\Users\black\Desktop\ODEV6\ODEV6.X\ODEV6KOD.asm
                     MAIN   0x000005    program     static C:\Users\black\Desktop\ODEV6\ODEV6.X\ODEV6KOD.asm
                  REFRESH   0x0000d6    program     static C:\Users\black\Desktop\ODEV6\ODEV6.X\ODEV6KOD.asm
                 REFRESH2   0x0000b5    program     static C:\Users\black\Desktop\ODEV6\ODEV6.X\ODEV6KOD.asm
                    WRITE   0x000080    program     static C:\Users\black\Desktop\ODEV6\ODEV6.X\ODEV6KOD.asm
                  WRITE10   0x000095    program     static C:\Users\black\Desktop\ODEV6\ODEV6.X\ODEV6KOD.asm
                 WRITE100   0x00009d    program     static C:\Users\black\Desktop\ODEV6\ODEV6.X\ODEV6KOD.asm
                WRITE100K   0x00005e    program     static C:\Users\black\Desktop\ODEV6\ODEV6.X\ODEV6KOD.asm
                 WRITE10K   0x000055    program     static C:\Users\black\Desktop\ODEV6\ODEV6.X\ODEV6KOD.asm
                  WRITE1K   0x00004f    program     static C:\Users\black\Desktop\ODEV6\ODEV6.X\ODEV6KOD.asm
               WRITEKESME   0x00003d    program     static C:\Users\black\Desktop\ODEV6\ODEV6.X\ODEV6KOD.asm



                              Symbols - Sorted by Address
                     Name    Address   Location    Storage File                     
                ---------  ---------  ---------  --------- ---------                
                     MAIN   0x000005    program     static C:\Users\black\Desktop\ODEV6\ODEV6.X\ODEV6KOD.asm
                    DONGU   0x00002d    program     static C:\Users\black\Desktop\ODEV6\ODEV6.X\ODEV6KOD.asm
                    KESME   0x00002e    program     static C:\Users\black\Desktop\ODEV6\ODEV6.X\ODEV6KOD.asm
               WRITEKESME   0x00003d    program     static C:\Users\black\Desktop\ODEV6\ODEV6.X\ODEV6KOD.asm
                  WRITE1K   0x00004f    program     static C:\Users\black\Desktop\ODEV6\ODEV6.X\ODEV6KOD.asm
                 WRITE10K   0x000055    program     static C:\Users\black\Desktop\ODEV6\ODEV6.X\ODEV6KOD.asm
                   INC10K   0x00005c    program     static C:\Users\black\Desktop\ODEV6\ODEV6.X\ODEV6KOD.asm
                WRITE100K   0x00005e    program     static C:\Users\black\Desktop\ODEV6\ODEV6.X\ODEV6KOD.asm
                  CLRALLK   0x000066    program     static C:\Users\black\Desktop\ODEV6\ODEV6.X\ODEV6KOD.asm
                 LCDCLEAR   0x00006a    program     static C:\Users\black\Desktop\ODEV6\ODEV6.X\ODEV6KOD.asm
                 CMDWRITE   0x000071    program     static C:\Users\black\Desktop\ODEV6\ODEV6.X\ODEV6KOD.asm
                  CMDSEND   0x000077    program     static C:\Users\black\Desktop\ODEV6\ODEV6.X\ODEV6KOD.asm
                    WRITE   0x000080    program     static C:\Users\black\Desktop\ODEV6\ODEV6.X\ODEV6KOD.asm
                  WRITE10   0x000095    program     static C:\Users\black\Desktop\ODEV6\ODEV6.X\ODEV6KOD.asm
                    INC10   0x00009b    program     static C:\Users\black\Desktop\ODEV6\ODEV6.X\ODEV6KOD.asm
                 WRITE100   0x00009d    program     static C:\Users\black\Desktop\ODEV6\ODEV6.X\ODEV6KOD.asm
                   CLRALL   0x0000a4    program     static C:\Users\black\Desktop\ODEV6\ODEV6.X\ODEV6KOD.asm
               CNTRLBUTON   0x0000a8    program     static C:\Users\black\Desktop\ODEV6\ODEV6.X\ODEV6KOD.asm
                INCBUTTON   0x0000ad    program     static C:\Users\black\Desktop\ODEV6\ODEV6.X\ODEV6KOD.asm
                 REFRESH2   0x0000b5    program     static C:\Users\black\Desktop\ODEV6\ODEV6.X\ODEV6KOD.asm
                DECBUTTON   0x0000bc    program     static C:\Users\black\Desktop\ODEV6\ODEV6.X\ODEV6KOD.asm
                CNTRLDEC1   0x0000c0    program     static C:\Users\black\Desktop\ODEV6\ODEV6.X\ODEV6KOD.asm
               CNTRLDEC10   0x0000c6    program     static C:\Users\black\Desktop\ODEV6\ODEV6.X\ODEV6KOD.asm
              CNTRLDEC100   0x0000ce    program     static C:\Users\black\Desktop\ODEV6\ODEV6.X\ODEV6KOD.asm
                  REFRESH   0x0000d6    program     static C:\Users\black\Desktop\ODEV6\ODEV6.X\ODEV6KOD.asm
                DATAWRITE   0x0000dd    program     static C:\Users\black\Desktop\ODEV6\ODEV6.X\ODEV6KOD.asm
                 DATASEND   0x0000e3    program     static C:\Users\black\Desktop\ODEV6\ODEV6.X\ODEV6KOD.asm
                   LOOKUP   0x0000ec    program     static C:\Users\black\Desktop\ODEV6\ODEV6.X\ODEV6KOD.asm
                  BEKLEME   0x0000f8    program     static C:\Users\black\Desktop\ODEV6\ODEV6.X\ODEV6KOD.asm
                 BEKLEME2   0x0000fa    program     static C:\Users\black\Desktop\ODEV6\ODEV6.X\ODEV6KOD.asm
             BEKLEMEDONGU   0x0000fc    program     static C:\Users\black\Desktop\ODEV6\ODEV6.X\ODEV6KOD.asm


