MPLINK 5.09, LINKER
Linker Map File - Created Sat Jul 25 11:08:18 2020

                                 Section Info
                  Section       Type    Address   Location Size(Bytes)
                ---------  ---------  ---------  ---------  ---------
                   .org_0       code   0x000000    program   0x000002
                   .cinit    romdata   0x000001    program   0x000004
                   .org_1       code   0x000004    program   0x0000da
.config_2007_BUILD/DEFAULT/PRODUCTION/NEWASMT       code   0x002007    program   0x000002



                              Program Memory Usage 
                               Start         End      
                           ---------   ---------      
                            0x000000    0x000002      
                            0x000004    0x000070      
                            0x002007    0x002007      
            113 out of 8454 program addresses used, program memory utilization is 1%



                              Symbols - Sorted by Name
                     Name    Address   Location    Storage File                     
                ---------  ---------  ---------  --------- ---------                
                   ADCOKU   0x000020    program     static C:\Users\mehme\Desktop\Assembly\karabukYaz\joystick.X\newAsmTemplate.asm
                  ADCOKU1   0x000021    program     static C:\Users\mehme\Desktop\Assembly\karabukYaz\joystick.X\newAsmTemplate.asm
               BASAMAKBUL   0x000025    program     static C:\Users\mehme\Desktop\Assembly\karabukYaz\joystick.X\newAsmTemplate.asm
              BASAMAKBUL1   0x000039    program     static C:\Users\mehme\Desktop\Assembly\karabukYaz\joystick.X\newAsmTemplate.asm
              BASAMAKBUL2   0x00002a    program     static C:\Users\mehme\Desktop\Assembly\karabukYaz\joystick.X\newAsmTemplate.asm
                    BEKLE   0x000064    program     static C:\Users\mehme\Desktop\Assembly\karabukYaz\joystick.X\newAsmTemplate.asm
                   BEKLE1   0x000066    program     static C:\Users\mehme\Desktop\Assembly\karabukYaz\joystick.X\newAsmTemplate.asm
                   BEKLE2   0x000068    program     static C:\Users\mehme\Desktop\Assembly\karabukYaz\joystick.X\newAsmTemplate.asm
               BEKLEDONGU   0x00006a    program     static C:\Users\mehme\Desktop\Assembly\karabukYaz\joystick.X\newAsmTemplate.asm
                BUYUKLUK1   0x000046    program     static C:\Users\mehme\Desktop\Assembly\karabukYaz\joystick.X\newAsmTemplate.asm
                BUYUKLUK2   0x000035    program     static C:\Users\mehme\Desktop\Assembly\karabukYaz\joystick.X\newAsmTemplate.asm
                 ESITLIK1   0x000044    program     static C:\Users\mehme\Desktop\Assembly\karabukYaz\joystick.X\newAsmTemplate.asm
                 ESITLIK2   0x000033    program     static C:\Users\mehme\Desktop\Assembly\karabukYaz\joystick.X\newAsmTemplate.asm
                   GOSTER   0x00004a    program     static C:\Users\mehme\Desktop\Assembly\karabukYaz\joystick.X\newAsmTemplate.asm
                  GOSTER1   0x00004c    program     static C:\Users\mehme\Desktop\Assembly\karabukYaz\joystick.X\newAsmTemplate.asm
                     LOOP   0x00001c    program     static C:\Users\mehme\Desktop\Assembly\karabukYaz\joystick.X\newAsmTemplate.asm
                     MAIN   0x000005    program     static C:\Users\mehme\Desktop\Assembly\karabukYaz\joystick.X\newAsmTemplate.asm



                              Symbols - Sorted by Address
                     Name    Address   Location    Storage File                     
                ---------  ---------  ---------  --------- ---------                
                     MAIN   0x000005    program     static C:\Users\mehme\Desktop\Assembly\karabukYaz\joystick.X\newAsmTemplate.asm
                     LOOP   0x00001c    program     static C:\Users\mehme\Desktop\Assembly\karabukYaz\joystick.X\newAsmTemplate.asm
                   ADCOKU   0x000020    program     static C:\Users\mehme\Desktop\Assembly\karabukYaz\joystick.X\newAsmTemplate.asm
                  ADCOKU1   0x000021    program     static C:\Users\mehme\Desktop\Assembly\karabukYaz\joystick.X\newAsmTemplate.asm
               BASAMAKBUL   0x000025    program     static C:\Users\mehme\Desktop\Assembly\karabukYaz\joystick.X\newAsmTemplate.asm
              BASAMAKBUL2   0x00002a    program     static C:\Users\mehme\Desktop\Assembly\karabukYaz\joystick.X\newAsmTemplate.asm
                 ESITLIK2   0x000033    program     static C:\Users\mehme\Desktop\Assembly\karabukYaz\joystick.X\newAsmTemplate.asm
                BUYUKLUK2   0x000035    program     static C:\Users\mehme\Desktop\Assembly\karabukYaz\joystick.X\newAsmTemplate.asm
              BASAMAKBUL1   0x000039    program     static C:\Users\mehme\Desktop\Assembly\karabukYaz\joystick.X\newAsmTemplate.asm
                 ESITLIK1   0x000044    program     static C:\Users\mehme\Desktop\Assembly\karabukYaz\joystick.X\newAsmTemplate.asm
                BUYUKLUK1   0x000046    program     static C:\Users\mehme\Desktop\Assembly\karabukYaz\joystick.X\newAsmTemplate.asm
                   GOSTER   0x00004a    program     static C:\Users\mehme\Desktop\Assembly\karabukYaz\joystick.X\newAsmTemplate.asm
                  GOSTER1   0x00004c    program     static C:\Users\mehme\Desktop\Assembly\karabukYaz\joystick.X\newAsmTemplate.asm
                    BEKLE   0x000064    program     static C:\Users\mehme\Desktop\Assembly\karabukYaz\joystick.X\newAsmTemplate.asm
                   BEKLE1   0x000066    program     static C:\Users\mehme\Desktop\Assembly\karabukYaz\joystick.X\newAsmTemplate.asm
                   BEKLE2   0x000068    program     static C:\Users\mehme\Desktop\Assembly\karabukYaz\joystick.X\newAsmTemplate.asm
               BEKLEDONGU   0x00006a    program     static C:\Users\mehme\Desktop\Assembly\karabukYaz\joystick.X\newAsmTemplate.asm


