MPLINK 5.09, LINKER
Linker Map File - Created Sun Nov 04 13:22:22 2018

                                 Section Info
                  Section       Type    Address   Location Size(Bytes)
                ---------  ---------  ---------  ---------  ---------
                   .org_0       code   0x000000    program   0x000002
                   .cinit    romdata   0x000001    program   0x000004
                   .org_1       code   0x000004    program   0x0000c2
.config_2007_BUILD/DEFAULT/DEBUG/ODEV3.O       code   0x002007    program   0x000002



                              Program Memory Usage 
                               Start         End      
                           ---------   ---------      
                            0x000000    0x000002      
                            0x000004    0x000064      
                            0x002007    0x002007      
            101 out of 8454 program addresses used, program memory utilization is 1%



                              Symbols - Sorted by Name
                     Name    Address   Location    Storage File                     
                ---------  ---------  ---------  --------- ---------                
                  BEKLEME   0x00005c    program     static C:\Users\black\Desktop\ODEV3\ODEV3.X\ODEV3.asm
                 BEKLEME2   0x00005e    program     static C:\Users\black\Desktop\ODEV3\ODEV3.X\ODEV3.asm
             BEKLEMEDONGU   0x000060    program     static C:\Users\black\Desktop\ODEV3\ODEV3.X\ODEV3.asm
                    KESME   0x000004    program     static C:\Users\black\Desktop\ODEV3\ODEV3.X\ODEV3.asm
                  KONTROL   0x000037    program     static C:\Users\black\Desktop\ODEV3\ODEV3.X\ODEV3.asm
          LOOKUP_RAKAMLAR   0x000050    program     static C:\Users\black\Desktop\ODEV3\ODEV3.X\ODEV3.asm
                     MAIN   0x000013    program     static C:\Users\black\Desktop\ODEV3\ODEV3.X\ODEV3.asm
                   YAZDIR   0x000043    program     static C:\Users\black\Desktop\ODEV3\ODEV3.X\ODEV3.asm



                              Symbols - Sorted by Address
                     Name    Address   Location    Storage File                     
                ---------  ---------  ---------  --------- ---------                
                    KESME   0x000004    program     static C:\Users\black\Desktop\ODEV3\ODEV3.X\ODEV3.asm
                     MAIN   0x000013    program     static C:\Users\black\Desktop\ODEV3\ODEV3.X\ODEV3.asm
                  KONTROL   0x000037    program     static C:\Users\black\Desktop\ODEV3\ODEV3.X\ODEV3.asm
                   YAZDIR   0x000043    program     static C:\Users\black\Desktop\ODEV3\ODEV3.X\ODEV3.asm
          LOOKUP_RAKAMLAR   0x000050    program     static C:\Users\black\Desktop\ODEV3\ODEV3.X\ODEV3.asm
                  BEKLEME   0x00005c    program     static C:\Users\black\Desktop\ODEV3\ODEV3.X\ODEV3.asm
                 BEKLEME2   0x00005e    program     static C:\Users\black\Desktop\ODEV3\ODEV3.X\ODEV3.asm
             BEKLEMEDONGU   0x000060    program     static C:\Users\black\Desktop\ODEV3\ODEV3.X\ODEV3.asm


