MPLINK 5.09, LINKER
Linker Map File - Created Thu Feb 06 12:55:28 2020

                                 Section Info
                  Section       Type    Address   Location Size(Bytes)
                ---------  ---------  ---------  ---------  ---------
                   .org_0       code   0x000000    program   0x000046
                   .cinit    romdata   0x000023    program   0x000004
.config_2007_BUILD/DEFAULT/PRODUCTION/NEWASMT       code   0x002007    program   0x000002



                              Program Memory Usage 
                               Start         End      
                           ---------   ---------      
                            0x000000    0x000024      
                            0x002007    0x002007      
            38 out of 8454 program addresses used, program memory utilization is 0%



                              Symbols - Sorted by Name
                     Name    Address   Location    Storage File                     
                ---------  ---------  ---------  --------- ---------                
                BIRLERBUL   0x00001d    program     static C:\Users\MU\Desktop\Assembly\BASAMAKBULMA.X\newAsmTemplate.asm
                 BIRLERIS   0x000017    program     static C:\Users\MU\Desktop\Assembly\BASAMAKBULMA.X\newAsmTemplate.asm
                    BUTON   0x000014    program     static C:\Users\MU\Desktop\Assembly\BASAMAKBULMA.X\newAsmTemplate.asm
                     MAIN   0x000000    program     static C:\Users\MU\Desktop\Assembly\BASAMAKBULMA.X\newAsmTemplate.asm



                              Symbols - Sorted by Address
                     Name    Address   Location    Storage File                     
                ---------  ---------  ---------  --------- ---------                
                     MAIN   0x000000    program     static C:\Users\MU\Desktop\Assembly\BASAMAKBULMA.X\newAsmTemplate.asm
                    BUTON   0x000014    program     static C:\Users\MU\Desktop\Assembly\BASAMAKBULMA.X\newAsmTemplate.asm
                 BIRLERIS   0x000017    program     static C:\Users\MU\Desktop\Assembly\BASAMAKBULMA.X\newAsmTemplate.asm
                BIRLERBUL   0x00001d    program     static C:\Users\MU\Desktop\Assembly\BASAMAKBULMA.X\newAsmTemplate.asm


