MPLINK 5.09, LINKER
Linker Map File - Created Sun Nov 18 17:45:37 2018

                                 Section Info
                  Section       Type    Address   Location Size(Bytes)
                ---------  ---------  ---------  ---------  ---------
                   .org_0       code   0x000000    program   0x000002
                   .cinit    romdata   0x000001    program   0x000004
                   .org_1       code   0x000004    program   0x000064
.config_2007_BUILD/DEFAULT/PRODUCTION/ODEV4.O       code   0x002007    program   0x000002



                              Program Memory Usage 
                               Start         End      
                           ---------   ---------      
                            0x000000    0x000002      
                            0x000004    0x000035      
                            0x002007    0x002007      
            54 out of 8454 program addresses used, program memory utilization is 0%



                              Symbols - Sorted by Name
                     Name    Address   Location    Storage File                     
                ---------  ---------  ---------  --------- ---------                
                  BEKLEME   0x00002d    program     static C:\Users\black\Desktop\ODEV4\ODEV4.X\ODEV4.asm
                 BEKLEME2   0x00002f    program     static C:\Users\black\Desktop\ODEV4\ODEV4.X\ODEV4.asm
             BEKLEMEDONGU   0x000031    program     static C:\Users\black\Desktop\ODEV4\ODEV4.X\ODEV4.asm
                    DONGU   0x000024    program     static C:\Users\black\Desktop\ODEV4\ODEV4.X\ODEV4.asm
                   GOSTER   0x000025    program     static C:\Users\black\Desktop\ODEV4\ODEV4.X\ODEV4.asm
                    KESME   0x000004    program     static C:\Users\black\Desktop\ODEV4\ODEV4.X\ODEV4.asm
                     MAIN   0x00000c    program     static C:\Users\black\Desktop\ODEV4\ODEV4.X\ODEV4.asm



                              Symbols - Sorted by Address
                     Name    Address   Location    Storage File                     
                ---------  ---------  ---------  --------- ---------                
                    KESME   0x000004    program     static C:\Users\black\Desktop\ODEV4\ODEV4.X\ODEV4.asm
                     MAIN   0x00000c    program     static C:\Users\black\Desktop\ODEV4\ODEV4.X\ODEV4.asm
                    DONGU   0x000024    program     static C:\Users\black\Desktop\ODEV4\ODEV4.X\ODEV4.asm
                   GOSTER   0x000025    program     static C:\Users\black\Desktop\ODEV4\ODEV4.X\ODEV4.asm
                  BEKLEME   0x00002d    program     static C:\Users\black\Desktop\ODEV4\ODEV4.X\ODEV4.asm
                 BEKLEME2   0x00002f    program     static C:\Users\black\Desktop\ODEV4\ODEV4.X\ODEV4.asm
             BEKLEMEDONGU   0x000031    program     static C:\Users\black\Desktop\ODEV4\ODEV4.X\ODEV4.asm


