MPLINK 5.09, LINKER
Linker Map File - Created Sun Jan 06 12:58:19 2019

                                 Section Info
                  Section       Type    Address   Location Size(Bytes)
                ---------  ---------  ---------  ---------  ---------
                   .org_0       code   0x000000    program   0x000002
                   .cinit    romdata   0x000001    program   0x000004
                   .org_1       code   0x000004    program   0x000098
.config_2007_BUILD/DEFAULT/PRODUCTION/NEWASMT       code   0x002007    program   0x000002



                              Program Memory Usage 
                               Start         End      
                           ---------   ---------      
                            0x000000    0x000002      
                            0x000004    0x00004f      
                            0x002007    0x002007      
            80 out of 8454 program addresses used, program memory utilization is 0%



                              Symbols - Sorted by Name
                     Name    Address   Location    Storage File                     
                ---------  ---------  ---------  --------- ---------                
                  BEKLEME   0x000047    program     static D:\Ders\Notlar\3.sýnýf\Mikroiþlemci\MICROCALIS\USART_BASIT\USART_BASIT.X\newAsmTemplate.asm
                 BEKLEME2   0x000049    program     static D:\Ders\Notlar\3.sýnýf\Mikroiþlemci\MICROCALIS\USART_BASIT\USART_BASIT.X\newAsmTemplate.asm
             BEKLEMEDONGU   0x00004b    program     static D:\Ders\Notlar\3.sýnýf\Mikroiþlemci\MICROCALIS\USART_BASIT\USART_BASIT.X\newAsmTemplate.asm
                   CMDYAZ   0x00003d    program     static D:\Ders\Notlar\3.sýnýf\Mikroiþlemci\MICROCALIS\USART_BASIT\USART_BASIT.X\newAsmTemplate.asm
                    DONGU   0x000032    program     static D:\Ders\Notlar\3.sýnýf\Mikroiþlemci\MICROCALIS\USART_BASIT\USART_BASIT.X\newAsmTemplate.asm
                    KESME   0x000004    program     static D:\Ders\Notlar\3.sýnýf\Mikroiþlemci\MICROCALIS\USART_BASIT\USART_BASIT.X\newAsmTemplate.asm
                     MAIN   0x000015    program     static D:\Ders\Notlar\3.sýnýf\Mikroiþlemci\MICROCALIS\USART_BASIT\USART_BASIT.X\newAsmTemplate.asm
                  TEMIZLE   0x00000c    program     static D:\Ders\Notlar\3.sýnýf\Mikroiþlemci\MICROCALIS\USART_BASIT\USART_BASIT.X\newAsmTemplate.asm
               VERIGONDER   0x000033    program     static D:\Ders\Notlar\3.sýnýf\Mikroiþlemci\MICROCALIS\USART_BASIT\USART_BASIT.X\newAsmTemplate.asm



                              Symbols - Sorted by Address
                     Name    Address   Location    Storage File                     
                ---------  ---------  ---------  --------- ---------                
                    KESME   0x000004    program     static D:\Ders\Notlar\3.sýnýf\Mikroiþlemci\MICROCALIS\USART_BASIT\USART_BASIT.X\newAsmTemplate.asm
                  TEMIZLE   0x00000c    program     static D:\Ders\Notlar\3.sýnýf\Mikroiþlemci\MICROCALIS\USART_BASIT\USART_BASIT.X\newAsmTemplate.asm
                     MAIN   0x000015    program     static D:\Ders\Notlar\3.sýnýf\Mikroiþlemci\MICROCALIS\USART_BASIT\USART_BASIT.X\newAsmTemplate.asm
                    DONGU   0x000032    program     static D:\Ders\Notlar\3.sýnýf\Mikroiþlemci\MICROCALIS\USART_BASIT\USART_BASIT.X\newAsmTemplate.asm
               VERIGONDER   0x000033    program     static D:\Ders\Notlar\3.sýnýf\Mikroiþlemci\MICROCALIS\USART_BASIT\USART_BASIT.X\newAsmTemplate.asm
                   CMDYAZ   0x00003d    program     static D:\Ders\Notlar\3.sýnýf\Mikroiþlemci\MICROCALIS\USART_BASIT\USART_BASIT.X\newAsmTemplate.asm
                  BEKLEME   0x000047    program     static D:\Ders\Notlar\3.sýnýf\Mikroiþlemci\MICROCALIS\USART_BASIT\USART_BASIT.X\newAsmTemplate.asm
                 BEKLEME2   0x000049    program     static D:\Ders\Notlar\3.sýnýf\Mikroiþlemci\MICROCALIS\USART_BASIT\USART_BASIT.X\newAsmTemplate.asm
             BEKLEMEDONGU   0x00004b    program     static D:\Ders\Notlar\3.sýnýf\Mikroiþlemci\MICROCALIS\USART_BASIT\USART_BASIT.X\newAsmTemplate.asm


