MPLINK 4.49, Linker
Linker Map File - Created Sat Oct 27 13:18:23 2018

                                 Section Info
                  Section       Type    Address   Location Size(Bytes)
                ---------  ---------  ---------  ---------  ---------
                   .org_0       code   0x000000    program   0x000002
                   .cinit    romdata   0x000001    program   0x000004
                   .org_1       code   0x000004    program   0x000040



                              Program Memory Usage 
                               Start         End      
                           ---------   ---------      
                            0x000000    0x000002      
                            0x000004    0x000023      
            35 out of 8454 program addresses used, program memory utilization is 0%



                              Symbols - Sorted by Name
                     Name    Address   Location    Storage File                     
                ---------  ---------  ---------  --------- ---------                
                  ANAPROG   0x000005    program     static C:\Users\black\Desktop\DERS2\DERS2.asm
                    DONGU   0x000017    program     static C:\Users\black\Desktop\DERS2\DERS2.asm
                    ISLEM   0x00001e    program     static C:\Users\black\Desktop\DERS2\DERS2.asm
                    KESME   0x000018    program     static C:\Users\black\Desktop\DERS2\DERS2.asm



                              Symbols - Sorted by Address
                     Name    Address   Location    Storage File                     
                ---------  ---------  ---------  --------- ---------                
                  ANAPROG   0x000005    program     static C:\Users\black\Desktop\DERS2\DERS2.asm
                    DONGU   0x000017    program     static C:\Users\black\Desktop\DERS2\DERS2.asm
                    KESME   0x000018    program     static C:\Users\black\Desktop\DERS2\DERS2.asm
                    ISLEM   0x00001e    program     static C:\Users\black\Desktop\DERS2\DERS2.asm


