MPLINK 5.09, LINKER
Linker Map File - Created Thu Feb 06 12:30:58 2020

                                 Section Info
                  Section       Type    Address   Location Size(Bytes)
                ---------  ---------  ---------  ---------  ---------
                   .org_0       code   0x000000    program   0x00003a
                   .cinit    romdata   0x00001d    program   0x000004
.config_2007_BUILD/DEFAULT/PRODUCTION/NEWASMT       code   0x002007    program   0x000002



                              Program Memory Usage 
                               Start         End      
                           ---------   ---------      
                            0x000000    0x00001e      
                            0x002007    0x002007      
            32 out of 8454 program addresses used, program memory utilization is 0%



                              Symbols - Sorted by Name
                     Name    Address   Location    Storage File                     
                ---------  ---------  ---------  --------- ---------                
                    BUTON   0x000011    program     static C:\Users\MU\Desktop\Assembly\AAA.X\newAsmTemplate.asm
                   GOSTER   0x000019    program     static C:\Users\MU\Desktop\Assembly\AAA.X\newAsmTemplate.asm
                    ISLEM   0x000014    program     static C:\Users\MU\Desktop\Assembly\AAA.X\newAsmTemplate.asm
                     MAIN   0x000000    program     static C:\Users\MU\Desktop\Assembly\AAA.X\newAsmTemplate.asm



                              Symbols - Sorted by Address
                     Name    Address   Location    Storage File                     
                ---------  ---------  ---------  --------- ---------                
                     MAIN   0x000000    program     static C:\Users\MU\Desktop\Assembly\AAA.X\newAsmTemplate.asm
                    BUTON   0x000011    program     static C:\Users\MU\Desktop\Assembly\AAA.X\newAsmTemplate.asm
                    ISLEM   0x000014    program     static C:\Users\MU\Desktop\Assembly\AAA.X\newAsmTemplate.asm
                   GOSTER   0x000019    program     static C:\Users\MU\Desktop\Assembly\AAA.X\newAsmTemplate.asm


