MPLINK 5.09, LINKER
Linker Map File - Created Sun Feb 23 21:55:37 2020

                                 Section Info
                  Section       Type    Address   Location Size(Bytes)
                ---------  ---------  ---------  ---------  ---------
                   .org_0       code   0x000000    program   0x00007a
                   .cinit    romdata   0x00003d    program   0x000004
.config_2007_BUILD/DEFAULT/PRODUCTION/NEWASMT       code   0x002007    program   0x000002



                              Program Memory Usage 
                               Start         End      
                           ---------   ---------      
                            0x000000    0x00003e      
                            0x002007    0x002007      
            64 out of 8454 program addresses used, program memory utilization is 0%



                              Symbols - Sorted by Name
                     Name    Address   Location    Storage File                     
                ---------  ---------  ---------  --------- ---------                
                    DONGU   0x000015    program     static C:\Users\MU\Desktop\Assembly\DOT2.X\newAsmTemplate.asm
                  GECIKME   0x000034    program     static C:\Users\MU\Desktop\Assembly\DOT2.X\newAsmTemplate.asm
                 GECIKME0   0x000036    program     static C:\Users\MU\Desktop\Assembly\DOT2.X\newAsmTemplate.asm
                 GECIKME1   0x000038    program     static C:\Users\MU\Desktop\Assembly\DOT2.X\newAsmTemplate.asm
                   LOOKHB   0x000028    program     static C:\Users\MU\Desktop\Assembly\DOT2.X\newAsmTemplate.asm
                   LOOKHC   0x00002e    program     static C:\Users\MU\Desktop\Assembly\DOT2.X\newAsmTemplate.asm
                     MAIN   0x000001    program     static C:\Users\MU\Desktop\Assembly\DOT2.X\newAsmTemplate.asm
                      YAK   0x000018    program     static C:\Users\MU\Desktop\Assembly\DOT2.X\newAsmTemplate.asm
                   YENILE   0x000023    program     static C:\Users\MU\Desktop\Assembly\DOT2.X\newAsmTemplate.asm



                              Symbols - Sorted by Address
                     Name    Address   Location    Storage File                     
                ---------  ---------  ---------  --------- ---------                
                     MAIN   0x000001    program     static C:\Users\MU\Desktop\Assembly\DOT2.X\newAsmTemplate.asm
                    DONGU   0x000015    program     static C:\Users\MU\Desktop\Assembly\DOT2.X\newAsmTemplate.asm
                      YAK   0x000018    program     static C:\Users\MU\Desktop\Assembly\DOT2.X\newAsmTemplate.asm
                   YENILE   0x000023    program     static C:\Users\MU\Desktop\Assembly\DOT2.X\newAsmTemplate.asm
                   LOOKHB   0x000028    program     static C:\Users\MU\Desktop\Assembly\DOT2.X\newAsmTemplate.asm
                   LOOKHC   0x00002e    program     static C:\Users\MU\Desktop\Assembly\DOT2.X\newAsmTemplate.asm
                  GECIKME   0x000034    program     static C:\Users\MU\Desktop\Assembly\DOT2.X\newAsmTemplate.asm
                 GECIKME0   0x000036    program     static C:\Users\MU\Desktop\Assembly\DOT2.X\newAsmTemplate.asm
                 GECIKME1   0x000038    program     static C:\Users\MU\Desktop\Assembly\DOT2.X\newAsmTemplate.asm


