MPLINK 5.09, LINKER
Linker Map File - Created Sun Jan 06 12:10:40 2019

                                 Section Info
                  Section       Type    Address   Location Size(Bytes)
                ---------  ---------  ---------  ---------  ---------
                   .org_0       code   0x000000    program   0x000092
                   .cinit    romdata   0x000049    program   0x000004
.config_2007_BUILD/DEFAULT/PRODUCTION/NEWASMT       code   0x002007    program   0x000002



                              Program Memory Usage 
                               Start         End      
                           ---------   ---------      
                            0x000000    0x00004a      
                            0x002007    0x002007      
            76 out of 8454 program addresses used, program memory utilization is 0%



                              Symbols - Sorted by Name
                     Name    Address   Location    Storage File                     
                ---------  ---------  ---------  --------- ---------                
                  BEKLEME   0x000040    program     static D:\Ders\Notlar\3.sýnýf\Mikroiþlemci\MICROCALIS\LCDBASÝT\LCDBASIT.X\newAsmTemplate.asm
                 BEKLEME2   0x000042    program     static D:\Ders\Notlar\3.sýnýf\Mikroiþlemci\MICROCALIS\LCDBASÝT\LCDBASIT.X\newAsmTemplate.asm
             BEKLEMEDONGU   0x000044    program     static D:\Ders\Notlar\3.sýnýf\Mikroiþlemci\MICROCALIS\LCDBASÝT\LCDBASIT.X\newAsmTemplate.asm
                CMDGONDER   0x000017    program     static D:\Ders\Notlar\3.sýnýf\Mikroiþlemci\MICROCALIS\LCDBASÝT\LCDBASIT.X\newAsmTemplate.asm
                   CMDYAZ   0x000011    program     static D:\Ders\Notlar\3.sýnýf\Mikroiþlemci\MICROCALIS\LCDBASÝT\LCDBASIT.X\newAsmTemplate.asm
                    ISLEM   0x000033    program     static D:\Ders\Notlar\3.sýnýf\Mikroiþlemci\MICROCALIS\LCDBASÝT\LCDBASIT.X\newAsmTemplate.asm
                     MAIN   0x000000    program     static D:\Ders\Notlar\3.sýnýf\Mikroiþlemci\MICROCALIS\LCDBASÝT\LCDBASIT.X\newAsmTemplate.asm
                  TEMIZLE   0x00000a    program     static D:\Ders\Notlar\3.sýnýf\Mikroiþlemci\MICROCALIS\LCDBASÝT\LCDBASIT.X\newAsmTemplate.asm
               VERIGONDER   0x000028    program     static D:\Ders\Notlar\3.sýnýf\Mikroiþlemci\MICROCALIS\LCDBASÝT\LCDBASIT.X\newAsmTemplate.asm
                  VERIYAZ   0x000022    program     static D:\Ders\Notlar\3.sýnýf\Mikroiþlemci\MICROCALIS\LCDBASÝT\LCDBASIT.X\newAsmTemplate.asm



                              Symbols - Sorted by Address
                     Name    Address   Location    Storage File                     
                ---------  ---------  ---------  --------- ---------                
                     MAIN   0x000000    program     static D:\Ders\Notlar\3.sýnýf\Mikroiþlemci\MICROCALIS\LCDBASÝT\LCDBASIT.X\newAsmTemplate.asm
                  TEMIZLE   0x00000a    program     static D:\Ders\Notlar\3.sýnýf\Mikroiþlemci\MICROCALIS\LCDBASÝT\LCDBASIT.X\newAsmTemplate.asm
                   CMDYAZ   0x000011    program     static D:\Ders\Notlar\3.sýnýf\Mikroiþlemci\MICROCALIS\LCDBASÝT\LCDBASIT.X\newAsmTemplate.asm
                CMDGONDER   0x000017    program     static D:\Ders\Notlar\3.sýnýf\Mikroiþlemci\MICROCALIS\LCDBASÝT\LCDBASIT.X\newAsmTemplate.asm
                  VERIYAZ   0x000022    program     static D:\Ders\Notlar\3.sýnýf\Mikroiþlemci\MICROCALIS\LCDBASÝT\LCDBASIT.X\newAsmTemplate.asm
               VERIGONDER   0x000028    program     static D:\Ders\Notlar\3.sýnýf\Mikroiþlemci\MICROCALIS\LCDBASÝT\LCDBASIT.X\newAsmTemplate.asm
                    ISLEM   0x000033    program     static D:\Ders\Notlar\3.sýnýf\Mikroiþlemci\MICROCALIS\LCDBASÝT\LCDBASIT.X\newAsmTemplate.asm
                  BEKLEME   0x000040    program     static D:\Ders\Notlar\3.sýnýf\Mikroiþlemci\MICROCALIS\LCDBASÝT\LCDBASIT.X\newAsmTemplate.asm
                 BEKLEME2   0x000042    program     static D:\Ders\Notlar\3.sýnýf\Mikroiþlemci\MICROCALIS\LCDBASÝT\LCDBASIT.X\newAsmTemplate.asm
             BEKLEMEDONGU   0x000044    program     static D:\Ders\Notlar\3.sýnýf\Mikroiþlemci\MICROCALIS\LCDBASÝT\LCDBASIT.X\newAsmTemplate.asm


