MPLINK 5.09, LINKER
Linker Map File - Created Fri Jul 24 10:26:17 2020

                                 Section Info
                  Section       Type    Address   Location Size(Bytes)
                ---------  ---------  ---------  ---------  ---------
                   .org_0       code   0x000000    program   0x000002
                   .cinit    romdata   0x000001    program   0x000004
                   .org_1       code   0x000004    program   0x000168
.config_2007_BUILD/DEFAULT/PRODUCTION/NEWASMT       code   0x002007    program   0x000002



                              Program Memory Usage 
                               Start         End      
                           ---------   ---------      
                            0x000000    0x000002      
                            0x000004    0x0000b7      
                            0x002007    0x002007      
            184 out of 8454 program addresses used, program memory utilization is 2%



                              Symbols - Sorted by Name
                     Name    Address   Location    Storage File                     
                ---------  ---------  ---------  --------- ---------                
                       B1   0x00001b    program     static C:\Users\mehme\Desktop\Assembly\karabukYaz\Keypad.X\newAsmTemplate.asm
                      B10   0x000060    program     static C:\Users\mehme\Desktop\Assembly\karabukYaz\Keypad.X\newAsmTemplate.asm
                      B11   0x000067    program     static C:\Users\mehme\Desktop\Assembly\karabukYaz\Keypad.X\newAsmTemplate.asm
                      B12   0x00006e    program     static C:\Users\mehme\Desktop\Assembly\karabukYaz\Keypad.X\newAsmTemplate.asm
                      B13   0x000075    program     static C:\Users\mehme\Desktop\Assembly\karabukYaz\Keypad.X\newAsmTemplate.asm
                      B14   0x00007f    program     static C:\Users\mehme\Desktop\Assembly\karabukYaz\Keypad.X\newAsmTemplate.asm
                      B15   0x000086    program     static C:\Users\mehme\Desktop\Assembly\karabukYaz\Keypad.X\newAsmTemplate.asm
                      B16   0x00008d    program     static C:\Users\mehme\Desktop\Assembly\karabukYaz\Keypad.X\newAsmTemplate.asm
                       B2   0x000022    program     static C:\Users\mehme\Desktop\Assembly\karabukYaz\Keypad.X\newAsmTemplate.asm
                       B3   0x000029    program     static C:\Users\mehme\Desktop\Assembly\karabukYaz\Keypad.X\newAsmTemplate.asm
                       B4   0x000030    program     static C:\Users\mehme\Desktop\Assembly\karabukYaz\Keypad.X\newAsmTemplate.asm
                       B5   0x000037    program     static C:\Users\mehme\Desktop\Assembly\karabukYaz\Keypad.X\newAsmTemplate.asm
                       B6   0x000041    program     static C:\Users\mehme\Desktop\Assembly\karabukYaz\Keypad.X\newAsmTemplate.asm
                       B7   0x000048    program     static C:\Users\mehme\Desktop\Assembly\karabukYaz\Keypad.X\newAsmTemplate.asm
                       B8   0x00004f    program     static C:\Users\mehme\Desktop\Assembly\karabukYaz\Keypad.X\newAsmTemplate.asm
                       B9   0x000056    program     static C:\Users\mehme\Desktop\Assembly\karabukYaz\Keypad.X\newAsmTemplate.asm
                    BEKLE   0x0000ab    program     static C:\Users\mehme\Desktop\Assembly\karabukYaz\Keypad.X\newAsmTemplate.asm
                   BEKLE1   0x0000ad    program     static C:\Users\mehme\Desktop\Assembly\karabukYaz\Keypad.X\newAsmTemplate.asm
                   BEKLE2   0x0000af    program     static C:\Users\mehme\Desktop\Assembly\karabukYaz\Keypad.X\newAsmTemplate.asm
               BEKLEDONGU   0x0000b1    program     static C:\Users\mehme\Desktop\Assembly\karabukYaz\Keypad.X\newAsmTemplate.asm
                   GOSTER   0x000095    program     static C:\Users\mehme\Desktop\Assembly\karabukYaz\Keypad.X\newAsmTemplate.asm
                   KEYPAD   0x000018    program     static C:\Users\mehme\Desktop\Assembly\karabukYaz\Keypad.X\newAsmTemplate.asm
                     LOOP   0x000015    program     static C:\Users\mehme\Desktop\Assembly\karabukYaz\Keypad.X\newAsmTemplate.asm
                     MAIN   0x000005    program     static C:\Users\mehme\Desktop\Assembly\karabukYaz\Keypad.X\newAsmTemplate.asm



                              Symbols - Sorted by Address
                     Name    Address   Location    Storage File                     
                ---------  ---------  ---------  --------- ---------                
                     MAIN   0x000005    program     static C:\Users\mehme\Desktop\Assembly\karabukYaz\Keypad.X\newAsmTemplate.asm
                     LOOP   0x000015    program     static C:\Users\mehme\Desktop\Assembly\karabukYaz\Keypad.X\newAsmTemplate.asm
                   KEYPAD   0x000018    program     static C:\Users\mehme\Desktop\Assembly\karabukYaz\Keypad.X\newAsmTemplate.asm
                       B1   0x00001b    program     static C:\Users\mehme\Desktop\Assembly\karabukYaz\Keypad.X\newAsmTemplate.asm
                       B2   0x000022    program     static C:\Users\mehme\Desktop\Assembly\karabukYaz\Keypad.X\newAsmTemplate.asm
                       B3   0x000029    program     static C:\Users\mehme\Desktop\Assembly\karabukYaz\Keypad.X\newAsmTemplate.asm
                       B4   0x000030    program     static C:\Users\mehme\Desktop\Assembly\karabukYaz\Keypad.X\newAsmTemplate.asm
                       B5   0x000037    program     static C:\Users\mehme\Desktop\Assembly\karabukYaz\Keypad.X\newAsmTemplate.asm
                       B6   0x000041    program     static C:\Users\mehme\Desktop\Assembly\karabukYaz\Keypad.X\newAsmTemplate.asm
                       B7   0x000048    program     static C:\Users\mehme\Desktop\Assembly\karabukYaz\Keypad.X\newAsmTemplate.asm
                       B8   0x00004f    program     static C:\Users\mehme\Desktop\Assembly\karabukYaz\Keypad.X\newAsmTemplate.asm
                       B9   0x000056    program     static C:\Users\mehme\Desktop\Assembly\karabukYaz\Keypad.X\newAsmTemplate.asm
                      B10   0x000060    program     static C:\Users\mehme\Desktop\Assembly\karabukYaz\Keypad.X\newAsmTemplate.asm
                      B11   0x000067    program     static C:\Users\mehme\Desktop\Assembly\karabukYaz\Keypad.X\newAsmTemplate.asm
                      B12   0x00006e    program     static C:\Users\mehme\Desktop\Assembly\karabukYaz\Keypad.X\newAsmTemplate.asm
                      B13   0x000075    program     static C:\Users\mehme\Desktop\Assembly\karabukYaz\Keypad.X\newAsmTemplate.asm
                      B14   0x00007f    program     static C:\Users\mehme\Desktop\Assembly\karabukYaz\Keypad.X\newAsmTemplate.asm
                      B15   0x000086    program     static C:\Users\mehme\Desktop\Assembly\karabukYaz\Keypad.X\newAsmTemplate.asm
                      B16   0x00008d    program     static C:\Users\mehme\Desktop\Assembly\karabukYaz\Keypad.X\newAsmTemplate.asm
                   GOSTER   0x000095    program     static C:\Users\mehme\Desktop\Assembly\karabukYaz\Keypad.X\newAsmTemplate.asm
                    BEKLE   0x0000ab    program     static C:\Users\mehme\Desktop\Assembly\karabukYaz\Keypad.X\newAsmTemplate.asm
                   BEKLE1   0x0000ad    program     static C:\Users\mehme\Desktop\Assembly\karabukYaz\Keypad.X\newAsmTemplate.asm
                   BEKLE2   0x0000af    program     static C:\Users\mehme\Desktop\Assembly\karabukYaz\Keypad.X\newAsmTemplate.asm
               BEKLEDONGU   0x0000b1    program     static C:\Users\mehme\Desktop\Assembly\karabukYaz\Keypad.X\newAsmTemplate.asm


