MPLINK 5.09, LINKER
Linker Map File - Created Mon Dec 10 21:36:55 2018

                                 Section Info
                  Section       Type    Address   Location Size(Bytes)
                ---------  ---------  ---------  ---------  ---------
                   .org_0       code   0x000000    program   0x000002
                   .cinit    romdata   0x000001    program   0x000004
                   .org_1       code   0x000004    program   0x0000b2
.config_2007_BUILD/DEFAULT/PRODUCTION/NEWASMT       code   0x002007    program   0x000002



                              Program Memory Usage 
                               Start         End      
                           ---------   ---------      
                            0x000000    0x000002      
                            0x000004    0x00005c      
                            0x002007    0x002007      
            93 out of 8454 program addresses used, program memory utilization is 1%



                              Symbols - Sorted by Name
                     Name    Address   Location    Storage File                     
                ---------  ---------  ---------  --------- ---------                
                  BEKLEME   0x000054    program     static C:\Users\black\Desktop\ODEV7 4BIT\ODEV7_4BIT.X\newAsmTemplate.asm
                 BEKLEME2   0x000056    program     static C:\Users\black\Desktop\ODEV7 4BIT\ODEV7_4BIT.X\newAsmTemplate.asm
             BEKLEMEDONGU   0x000058    program     static C:\Users\black\Desktop\ODEV7 4BIT\ODEV7_4BIT.X\newAsmTemplate.asm
                  CMDSEND   0x000038    program     static C:\Users\black\Desktop\ODEV7 4BIT\ODEV7_4BIT.X\newAsmTemplate.asm
                 CMDWRITE   0x000032    program     static C:\Users\black\Desktop\ODEV7 4BIT\ODEV7_4BIT.X\newAsmTemplate.asm
                 DATASEND   0x000049    program     static C:\Users\black\Desktop\ODEV7 4BIT\ODEV7_4BIT.X\newAsmTemplate.asm
                DATAWRITE   0x000043    program     static C:\Users\black\Desktop\ODEV7 4BIT\ODEV7_4BIT.X\newAsmTemplate.asm
                    DONGU   0x000028    program     static C:\Users\black\Desktop\ODEV7 4BIT\ODEV7_4BIT.X\newAsmTemplate.asm
                    KESME   0x000004    program     static C:\Users\black\Desktop\ODEV7 4BIT\ODEV7_4BIT.X\newAsmTemplate.asm
                 LCDREADY   0x000029    program     static C:\Users\black\Desktop\ODEV7 4BIT\ODEV7_4BIT.X\newAsmTemplate.asm
                     MAIN   0x000009    program     static C:\Users\black\Desktop\ODEV7 4BIT\ODEV7_4BIT.X\newAsmTemplate.asm



                              Symbols - Sorted by Address
                     Name    Address   Location    Storage File                     
                ---------  ---------  ---------  --------- ---------                
                    KESME   0x000004    program     static C:\Users\black\Desktop\ODEV7 4BIT\ODEV7_4BIT.X\newAsmTemplate.asm
                     MAIN   0x000009    program     static C:\Users\black\Desktop\ODEV7 4BIT\ODEV7_4BIT.X\newAsmTemplate.asm
                    DONGU   0x000028    program     static C:\Users\black\Desktop\ODEV7 4BIT\ODEV7_4BIT.X\newAsmTemplate.asm
                 LCDREADY   0x000029    program     static C:\Users\black\Desktop\ODEV7 4BIT\ODEV7_4BIT.X\newAsmTemplate.asm
                 CMDWRITE   0x000032    program     static C:\Users\black\Desktop\ODEV7 4BIT\ODEV7_4BIT.X\newAsmTemplate.asm
                  CMDSEND   0x000038    program     static C:\Users\black\Desktop\ODEV7 4BIT\ODEV7_4BIT.X\newAsmTemplate.asm
                DATAWRITE   0x000043    program     static C:\Users\black\Desktop\ODEV7 4BIT\ODEV7_4BIT.X\newAsmTemplate.asm
                 DATASEND   0x000049    program     static C:\Users\black\Desktop\ODEV7 4BIT\ODEV7_4BIT.X\newAsmTemplate.asm
                  BEKLEME   0x000054    program     static C:\Users\black\Desktop\ODEV7 4BIT\ODEV7_4BIT.X\newAsmTemplate.asm
                 BEKLEME2   0x000056    program     static C:\Users\black\Desktop\ODEV7 4BIT\ODEV7_4BIT.X\newAsmTemplate.asm
             BEKLEMEDONGU   0x000058    program     static C:\Users\black\Desktop\ODEV7 4BIT\ODEV7_4BIT.X\newAsmTemplate.asm


