MPLINK 5.09, LINKER
Linker Map File - Created Mon Oct 22 22:20:43 2018

                                 Section Info
                  Section       Type    Address   Location Size(Bytes)
                ---------  ---------  ---------  ---------  ---------
                   .org_0       code   0x000000    program   0x00007c
                   .cinit    romdata   0x00003e    program   0x000004
.config_2007_BUILD/DEFAULT/DEBUG/NEWASMTEMPLA       code   0x002007    program   0x000002



                              Program Memory Usage 
                               Start         End      
                           ---------   ---------      
                            0x000000    0x00003f      
                            0x002007    0x002007      
            65 out of 8454 program addresses used, program memory utilization is 0%



                              Symbols - Sorted by Name
                     Name    Address   Location    Storage File                     
                ---------  ---------  ---------  --------- ---------                
                  BEKLEME   0x000035    program     static C:\Users\black\Desktop\ODEV1\ODEV1.X\newAsmTemplate.asm
                 BEKLEME2   0x000037    program     static C:\Users\black\Desktop\ODEV1\ODEV1.X\newAsmTemplate.asm
             BEKLEMEDONGU   0x000039    program     static C:\Users\black\Desktop\ODEV1\ODEV1.X\newAsmTemplate.asm
                    BUTON   0x000026    program     static C:\Users\black\Desktop\ODEV1\ODEV1.X\newAsmTemplate.asm
                        H   0x00002f    program     static C:\Users\black\Desktop\ODEV1\ODEV1.X\newAsmTemplate.asm
                    ISLEM   0x000019    program     static C:\Users\black\Desktop\ODEV1\ODEV1.X\newAsmTemplate.asm
                        L   0x000029    program     static C:\Users\black\Desktop\ODEV1\ODEV1.X\newAsmTemplate.asm
                     MAIN   0x000001    program     static C:\Users\black\Desktop\ODEV1\ODEV1.X\newAsmTemplate.asm
                     SONH   0x000021    program     static C:\Users\black\Desktop\ODEV1\ODEV1.X\newAsmTemplate.asm
                     SONL   0x00001e    program     static C:\Users\black\Desktop\ODEV1\ODEV1.X\newAsmTemplate.asm



                              Symbols - Sorted by Address
                     Name    Address   Location    Storage File                     
                ---------  ---------  ---------  --------- ---------                
                     MAIN   0x000001    program     static C:\Users\black\Desktop\ODEV1\ODEV1.X\newAsmTemplate.asm
                    ISLEM   0x000019    program     static C:\Users\black\Desktop\ODEV1\ODEV1.X\newAsmTemplate.asm
                     SONL   0x00001e    program     static C:\Users\black\Desktop\ODEV1\ODEV1.X\newAsmTemplate.asm
                     SONH   0x000021    program     static C:\Users\black\Desktop\ODEV1\ODEV1.X\newAsmTemplate.asm
                    BUTON   0x000026    program     static C:\Users\black\Desktop\ODEV1\ODEV1.X\newAsmTemplate.asm
                        L   0x000029    program     static C:\Users\black\Desktop\ODEV1\ODEV1.X\newAsmTemplate.asm
                        H   0x00002f    program     static C:\Users\black\Desktop\ODEV1\ODEV1.X\newAsmTemplate.asm
                  BEKLEME   0x000035    program     static C:\Users\black\Desktop\ODEV1\ODEV1.X\newAsmTemplate.asm
                 BEKLEME2   0x000037    program     static C:\Users\black\Desktop\ODEV1\ODEV1.X\newAsmTemplate.asm
             BEKLEMEDONGU   0x000039    program     static C:\Users\black\Desktop\ODEV1\ODEV1.X\newAsmTemplate.asm


